Component: ARM Compiler 5.06 update 1 (build 61) Tool: armlink [4d35a8]

==============================================================================

Section Cross References

    main.o(.text) refers to misc.o(.text) for NVIC_PriorityGroupConfig
    main.o(.text) refers to delay.o(.text) for delay_init
    main.o(.text) refers to usart.o(.text) for uart_init
    main.o(.text) refers to led.o(.text) for LED_Init
    main.o(.text) refers to mpu6050.o(.text) for MPU_Init
    main.o(.text) refers to pwm_output.o(.text) for PWM_Output_Initial
    main.o(.text) refers to inv_mpu.o(.text) for mpu_dmp_init
    main.o(.text) refers to noretval__2printf.o(.text) for __2printf
    main.o(.text) refers to control.o(.text) for Pid_init
    main.o(.text) refers to usartinterrupt.o(.text) for usart_handler
    main.o(.text) refers to main.o(.data) for Rc_Get
    main.o(.text) refers to usart.o(.data) for USART_RX_STA
    system_stm32f4xx.o(.text) refers to system_stm32f4xx.o(.data) for SystemCoreClock
    usartinterrupt.o(.text) refers to _printf_percent.o(.ARM.Collect$$_printf_percent$$00000000) for _printf_percent
    usartinterrupt.o(.text) refers to _printf_d.o(.ARM.Collect$$_printf_percent$$00000009) for _printf_d
    usartinterrupt.o(.text) refers to _printf_dec.o(.text) for _printf_int_dec
    usartinterrupt.o(.text) refers to noretval__2printf.o(.text) for __2printf
    usartinterrupt.o(.text) refers to usart.o(.data) for USART_RX_STA
    usartinterrupt.o(.text) refers to usart.o(.bss) for USART_RX_BUF
    usartinterrupt.o(.text) refers to main.o(.data) for Rc_Get
    control.o(.text) refers to _printf_percent.o(.ARM.Collect$$_printf_percent$$00000000) for _printf_percent
    control.o(.text) refers to _printf_f.o(.ARM.Collect$$_printf_percent$$00000003) for _printf_f
    control.o(.text) refers to printf1.o(x$fpl$printf1) for _printf_fp_dec
    control.o(.text) refers to _printf_d.o(.ARM.Collect$$_printf_percent$$00000009) for _printf_d
    control.o(.text) refers to _printf_dec.o(.text) for _printf_int_dec
    control.o(.text) refers to inv_mpu.o(.text) for mpu_dmp_get_data
    control.o(.text) refers to f2d.o(x$fpl$f2d) for __aeabi_f2d
    control.o(.text) refers to noretval__2printf.o(.text) for __2printf
    control.o(.text) refers to control.o(.data) for roll
    control.o(.text) refers to main.o(.bss) for MPU6050_GYRO_LAST
    control.o(.text) refers to control.o(.bss) for PID_ROL
    control.o(.text) refers to main.o(.data) for Rc_Get
    led.o(.text) refers to stm32f4xx_rcc.o(.text) for RCC_AHB1PeriphClockCmd
    led.o(.text) refers to stm32f4xx_gpio.o(.text) for GPIO_Init
    lcd.o(.text) refers to _printf_percent.o(.ARM.Collect$$_printf_percent$$00000000) for _printf_percent
    lcd.o(.text) refers to _printf_x.o(.ARM.Collect$$_printf_percent$$0000000C) for _printf_x
    lcd.o(.text) refers to _printf_hex_int.o(.text) for _printf_longlong_hex
    lcd.o(.text) refers to delay.o(.text) for delay_us
    lcd.o(.text) refers to lcd.o(.bss) for lcddev
    lcd.o(.text) refers to lcd.o(.data) for POINT_COLOR
    lcd.o(.text) refers to stm32f4xx_rcc.o(.text) for RCC_AHB1PeriphClockCmd
    lcd.o(.text) refers to stm32f4xx_gpio.o(.text) for GPIO_Init
    lcd.o(.text) refers to stm32f4xx_fsmc.o(.text) for FSMC_NORSRAMInit
    lcd.o(.text) refers to noretval__2printf.o(.text) for __2printf
    lcd.o(.text) refers to lcd.o(.constdata) for asc2_1206
    myiic.o(.text) refers to stm32f4xx_rcc.o(.text) for RCC_AHB1PeriphClockCmd
    myiic.o(.text) refers to stm32f4xx_gpio.o(.text) for GPIO_Init
    myiic.o(.text) refers to delay.o(.text) for delay_us
    mpu6050.o(.text) refers to myiic.o(.text) for IIC_Start
    mpu6050.o(.text) refers to delay.o(.text) for delay_ms
    mpu6050.o(.text) refers to dflt_clz.o(x$fpl$dflt) for __aeabi_i2d
    mpu6050.o(.text) refers to ddiv.o(x$fpl$ddiv) for __aeabi_ddiv
    mpu6050.o(.text) refers to daddsub_clz.o(x$fpl$dadd) for __aeabi_dadd
    mpu6050.o(.text) refers to d2f.o(x$fpl$d2f) for __aeabi_d2f
    inv_mpu.o(.text) refers to _printf_pad.o(.text) for _printf_pre_padding
    inv_mpu.o(.text) refers to _printf_percent.o(.ARM.Collect$$_printf_percent$$00000000) for _printf_percent
    inv_mpu.o(.text) refers to _printf_x.o(.ARM.Collect$$_printf_percent$$0000000C) for _printf_x
    inv_mpu.o(.text) refers to _printf_hex_int.o(.text) for _printf_longlong_hex
    inv_mpu.o(.text) refers to _printf_d.o(.ARM.Collect$$_printf_percent$$00000009) for _printf_d
    inv_mpu.o(.text) refers to _printf_dec.o(.text) for _printf_int_dec
    inv_mpu.o(.text) refers to mpu6050.o(.text) for MPU_Write_Len
    inv_mpu.o(.text) refers to noretval__2printf.o(.text) for __2printf
    inv_mpu.o(.text) refers to delay.o(.text) for delay_ms
    inv_mpu.o(.text) refers to inv_mpu.o(.data) for st
    inv_mpu.o(.text) refers to inv_mpu.o(.conststring) for .conststring
    inv_mpu.o(.text) refers to inv_mpu.o(.constdata) for test
    inv_mpu.o(.text) refers to llsdiv.o(.text) for __aeabi_ldivmod
[...]
    HEAP                                     0x20000390   Section      512  startup_stm32f40_41xxx.o(HEAP)
    Heap_Mem                                 0x20000390   Data         512  startup_stm32f40_41xxx.o(HEAP)
    STACK                                    0x20000590   Section     1024  startup_stm32f40_41xxx.o(STACK)
    Stack_Mem                                0x20000590   Data        1024  startup_stm32f40_41xxx.o(STACK)
    __initial_sp                             0x20000990   Data           0  startup_stm32f40_41xxx.o(STACK)

    Global Symbols

    Symbol Name                              Value     Ov Type        Size  Object(Section)

    BuildAttributes$$THM_ISAv4$E$P$D$K$B$S$7EM$VFPi3$EXTD16$VFPS$VFMA$PE$A:L22UL41UL21$X:L11$S22US41US21$IEEE1$IW$USESV6$~STKCKD$USESV7$~SHL$OTIME$ROPI$IEEEX$EBA8$UX$STANDARDLIB$REQ8$PRES8$EABIv2 0x00000000   Number         0  anon$$obj.o ABSOLUTE
    __ARM_use_no_argv                        0x00000000   Number         0  main.o ABSOLUTE
    _printf_flags                            0x00000000   Number         0  printf_stubs.o ABSOLUTE
    _printf_return_value                     0x00000000   Number         0  printf_stubs.o ABSOLUTE
    _printf_sizespec                         0x00000000   Number         0  printf_stubs.o ABSOLUTE
    _printf_widthprec                        0x00000000   Number         0  printf_stubs.o ABSOLUTE
    __ARM_exceptions_init                     - Undefined Weak Reference
    __alloca_initialize                       - Undefined Weak Reference
    __arm_preinit_                            - Undefined Weak Reference
    __cpp_initialize__aeabi_                  - Undefined Weak Reference
    __cxa_finalize                            - Undefined Weak Reference
    __sigvec_lookup                           - Undefined Weak Reference
    _atexit_init                              - Undefined Weak Reference
    _call_atexit_fns                          - Undefined Weak Reference
    _clock_init                               - Undefined Weak Reference
    _fp_trap_init                             - Undefined Weak Reference
    _fp_trap_shutdown                         - Undefined Weak Reference
    _get_lc_collate                           - Undefined Weak Reference
    _get_lc_ctype                             - Undefined Weak Reference
    _get_lc_monetary                          - Undefined Weak Reference
    _get_lc_time                              - Undefined Weak Reference
    _getenv_init                              - Undefined Weak Reference
    _handle_redirection                       - Undefined Weak Reference
    _init_alloc                               - Undefined Weak Reference
    _init_user_alloc                          - Undefined Weak Reference
    _initio                                   - Undefined Weak Reference
    _mutex_acquire                            - Undefined Weak Reference
    _mutex_release                            - Undefined Weak Reference
    _printf_mbtowc                            - Undefined Weak Reference
    _printf_truncate_signed                   - Undefined Weak Reference
    _printf_truncate_unsigned                 - Undefined Weak Reference
    _rand_init                                - Undefined Weak Reference
    _signal_finish                            - Undefined Weak Reference
    _signal_init                              - Undefined Weak Reference
    _terminate_alloc                          - Undefined Weak Reference
    _terminate_user_alloc                     - Undefined Weak Reference
    _terminateio                              - Undefined Weak Reference
    __Vectors_Size                           0x00000188   Number         0  startup_stm32f40_41xxx.o ABSOLUTE
    __Vectors                                0x08000000   Data           4  startup_stm32f40_41xxx.o(RESET)
    __Vectors_End                            0x08000188   Data           0  startup_stm32f40_41xxx.o(RESET)
    __main                                   0x08000189   Thumb Code     8  __main.o(!!!main)
    __scatterload                            0x08000191   Thumb Code     0  __scatter.o(!!!scatter)
    __scatterload_rt2                        0x08000191   Thumb Code    44  __scatter.o(!!!scatter)
    __scatterload_rt2_thumb_only             0x08000191   Thumb Code     0  __scatter.o(!!!scatter)
    __scatterload_null                       0x0800019f   Thumb Code     0  __scatter.o(!!!scatter)
    __decompress                             0x080001c5   Thumb Code    90  __dczerorl2.o(!!dczerorl2)
    __decompress1                            0x080001c5   Thumb Code     0  __dczerorl2.o(!!dczerorl2)
    __scatterload_zeroinit                   0x08000221   Thumb Code    28  __scatter_zi.o(!!handler_zi)
    _printf_f                                0x0800023d   Thumb Code     0  _printf_f.o(.ARM.Collect$$_printf_percent$$00000003)
    _printf_percent                          0x0800023d   Thumb Code     0  _printf_percent.o(.ARM.Collect$$_printf_percent$$00000000)
    _printf_d                                0x08000243   Thumb Code     0  _printf_d.o(.ARM.Collect$$_printf_percent$$00000009)
    _printf_u                                0x08000249   Thumb Code     0  _printf_u.o(.ARM.Collect$$_printf_percent$$0000000A)
    _printf_x                                0x0800024f   Thumb Code     0  _printf_x.o(.ARM.Collect$$_printf_percent$$0000000C)
    _printf_c                                0x08000255   Thumb Code     0  _printf_c.o(.ARM.Collect$$_printf_percent$$00000013)
    _printf_s                                0x0800025b   Thumb Code     0  _printf_s.o(.ARM.Collect$$_printf_percent$$00000014)
    _printf_percent_end                      0x08000261   Thumb Code     0  _printf_percent_end.o(.ARM.Collect$$_printf_percent$$00000017)
    __rt_lib_init                            0x08000265   Thumb Code     0  libinit.o(.ARM.Collect$$libinit$$00000000)
    __rt_lib_init_fp_1                       0x08000267   Thumb Code     0  libinit2.o(.ARM.Collect$$libinit$$00000001)
    __rt_lib_init_heap_1                     0x0800026b   Thumb Code     0  libinit2.o(.ARM.Collect$$libinit$$0000000A)
    __rt_lib_init_lc_common                  0x0800026b   Thumb Code     0  libinit2.o(.ARM.Collect$$libinit$$0000000F)
    __rt_lib_init_preinit_1                  0x0800026b   Thumb Code     0  libinit2.o(.ARM.Collect$$libinit$$00000004)
    __rt_lib_init_rand_1                     0x0800026b   Thumb Code     0  libinit2.o(.ARM.Collect$$libinit$$0000000E)
    __rt_lib_init_user_alloc_1               0x0800026b   Thumb Code     0  libinit2.o(.ARM.Collect$$libinit$$0000000C)
    __rt_lib_init_lc_collate_1               0x08000271   Thumb Code     0  libinit2.o(.ARM.Collect$$libinit$$00000011)
    __rt_lib_init_lc_ctype_1                 0x08000271   Thumb Code     0  libinit2.o(.ARM.Collect$$libinit$$00000013)
    __rt_lib_init_lc_monetary_1              0x08000271   Thumb Code     0  libinit2.o(.ARM.Collect$$libinit$$00000015)
    __rt_lib_init_lc_numeric_2               0x08000271   Thumb Code     0  libinit2.o(.ARM.Collect$$libinit$$00000016)
    __rt_lib_init_alloca_1                   0x0800027b   Thumb Code     0  libinit2.o(.ARM.Collect$$libinit$$0000002E)
    __rt_lib_init_argv_1                     0x0800027b   Thumb Code     0  libinit2.o(.ARM.Collect$$libinit$$0000002C)
    __rt_lib_init_atexit_1                   0x0800027b   Thumb Code     0  libinit2.o(.ARM.Collect$$libinit$$0000001B)
    __rt_lib_init_clock_1                    0x0800027b   Thumb Code     0  libinit2.o(.ARM.Collect$$libinit$$00000021)
    __rt_lib_init_cpp_1                      0x0800027b   Thumb Code     0  libinit2.o(.ARM.Collect$$libinit$$00000032)
    __rt_lib_init_exceptions_1               0x0800027b   Thumb Code     0  libinit2.o(.ARM.Collect$$libinit$$00000030)
    __rt_lib_init_fp_trap_1                  0x0800027b   Thumb Code     0  libinit2.o(.ARM.Collect$$libinit$$0000001F)
    __rt_lib_init_getenv_1                   0x0800027b   Thumb Code     0  libinit2.o(.ARM.Collect$$libinit$$00000023)
    __rt_lib_init_lc_numeric_1               0x0800027b   Thumb Code     0  libinit2.o(.ARM.Collect$$libinit$$00000017)
    __rt_lib_init_lc_time_1                  0x0800027b   Thumb Code     0  libinit2.o(.ARM.Collect$$libinit$$00000019)
    __rt_lib_init_return                     0x0800027b   Thumb Code     0  libinit2.o(.ARM.Collect$$libinit$$00000033)
    __rt_lib_init_signal_1                   0x0800027b   Thumb Code     0  libinit2.o(.ARM.Collect$$libinit$$0000001D)
    __rt_lib_init_stdio_1                    0x0800027b   Thumb Code     0  libinit2.o(.ARM.Collect$$libinit$$00000025)
    __rt_lib_shutdown                        0x0800027d   Thumb Code     0  libshutdown.o(.ARM.Collect$$libshutdown$$00000000)
    __rt_lib_shutdown_cpp_1                  0x0800027f   Thumb Code     0  libshutdown2.o(.ARM.Collect$$libshutdown$$00000002)
    __rt_lib_shutdown_fp_trap_1              0x0800027f   Thumb Code     0  libshutdown2.o(.ARM.Collect$$libshutdown$$00000007)
    __rt_lib_shutdown_heap_1                 0x0800027f   Thumb Code     0  libshutdown2.o(.ARM.Collect$$libshutdown$$0000000F)
    __rt_lib_shutdown_return                 0x0800027f   Thumb Code     0  libshutdown2.o(.ARM.Collect$$libshutdown$$00000010)
    __rt_lib_shutdown_signal_1               0x0800027f   Thumb Code     0  libshutdown2.o(.ARM.Collect$$libshutdown$$0000000A)
    __rt_lib_shutdown_stdio_1                0x0800027f   Thumb Code     0  libshutdown2.o(.ARM.Collect$$libshutdown$$00000004)
    __rt_lib_shutdown_user_alloc_1           0x0800027f   Thumb Code     0  libshutdown2.o(.ARM.Collect$$libshutdown$$0000000C)
    __rt_entry                               0x08000281   Thumb Code     0  __rtentry.o(.ARM.Collect$$rtentry$$00000000)
    __rt_entry_presh_1                       0x08000281   Thumb Code     0  __rtentry2.o(.ARM.Collect$$rtentry$$00000002)
    __rt_entry_sh                            0x08000281   Thumb Code     0  __rtentry4.o(.ARM.Collect$$rtentry$$00000004)
    __rt_entry_li                            0x08000287   Thumb Code     0  __rtentry2.o(.ARM.Collect$$rtentry$$0000000A)
    __rt_entry_postsh_1                      0x08000287   Thumb Code     0  __rtentry2.o(.ARM.Collect$$rtentry$$00000009)
    __rt_entry_main                          0x0800028b   Thumb Code     0  __rtentry2.o(.ARM.Collect$$rtentry$$0000000D)
    __rt_entry_postli_1                      0x0800028b   Thumb Code     0  __rtentry2.o(.ARM.Collect$$rtentry$$0000000C)
    __rt_exit                                0x08000293   Thumb Code     0  rtexit.o(.ARM.Collect$$rtexit$$00000000)
    __rt_exit_ls                             0x08000295   Thumb Code     0  rtexit2.o(.ARM.Collect$$rtexit$$00000003)
    __rt_exit_prels_1                        0x08000295   Thumb Code     0  rtexit2.o(.ARM.Collect$$rtexit$$00000002)
    __rt_exit_exit                           0x08000299   Thumb Code     0  rtexit2.o(.ARM.Collect$$rtexit$$00000004)
    main                                     0x080002a1   Thumb Code   110  main.o(.text)
    NMI_Handler                              0x08000335   Thumb Code     2  stm32f4xx_it.o(.text)
    HardFault_Handler                        0x08000337   Thumb Code     4  stm32f4xx_it.o(.text)
    MemManage_Handler                        0x0800033b   Thumb Code     4  stm32f4xx_it.o(.text)
    BusFault_Handler                         0x0800033f   Thumb Code     4  stm32f4xx_it.o(.text)
    UsageFault_Handler                       0x08000343   Thumb Code     4  stm32f4xx_it.o(.text)
    SVC_Handler                              0x08000347   Thumb Code     2  stm32f4xx_it.o(.text)
    DebugMon_Handler                         0x08000349   Thumb Code     2  stm32f4xx_it.o(.text)
    PendSV_Handler                           0x0800034b   Thumb Code     2  stm32f4xx_it.o(.text)
    SysTick_Handler                          0x0800034d   Thumb Code     2  stm32f4xx_it.o(.text)
    SystemInit                               0x0800042d   Thumb Code    88  system_stm32f4xx.o(.text)
    SystemCoreClockUpdate                    0x08000485   Thumb Code   174  system_stm32f4xx.o(.text)
    usart_handler                            0x08000561   Thumb Code   282  usartinterrupt.o(.text)
    Moto_PwmRflash                           0x080006f5   Thumb Code    96  control.o(.text)
    MPU6050_Dataanl                          0x08000755   Thumb Code   288  control.o(.text)
    fly_control                              0x08000875   Thumb Code  1046  control.o(.text)
    Pid_init                                 0x08000c8b   Thumb Code   188  control.o(.text)
    EK_XYZ_init                              0x08000d47   Thumb Code    60  control.o(.text)
    LED_Init                                 0x08000db1   Thumb Code    60  led.o(.text)
    IIC_Init                                 0x08000df1   Thumb Code    60  myiic.o(.text)
    IIC_Start                                0x08000e2d   Thumb Code    68  myiic.o(.text)
    IIC_Stop                                 0x08000e71   Thumb Code    62  myiic.o(.text)
    IIC_Wait_Ack                             0x08000eaf   Thumb Code    82  myiic.o(.text)
    IIC_Ack                                  0x08000f01   Thumb Code    66  myiic.o(.text)
    IIC_NAck                                 0x08000f43   Thumb Code    66  myiic.o(.text)
    IIC_Send_Byte                            0x08000f85   Thumb Code    90  myiic.o(.text)
    IIC_Read_Byte                            0x08000fdf   Thumb Code    94  myiic.o(.text)
    MPU_Write_Byte                           0x08001049   Thumb Code    68  mpu6050.o(.text)
    MPU_Set_LPF                              0x0800108d   Thumb Code    58  mpu6050.o(.text)
    MPU_Set_Rate                             0x080010c7   Thumb Code    58  mpu6050.o(.text)
    MPU_Read_Byte                            0x08001101   Thumb Code    58  mpu6050.o(.text)
    MPU_Set_Accel_Fsr                        0x0800113b   Thumb Code    16  mpu6050.o(.text)
    MPU_Set_Gyro_Fsr                         0x0800114b   Thumb Code    16  mpu6050.o(.text)
    MPU_Init                                 0x0800115b   Thumb Code   130  mpu6050.o(.text)
    MPU_Read_Len                             0x080011dd   Thumb Code   116  mpu6050.o(.text)
    MPU_Get_Temperature                      0x08001251   Thumb Code   110  mpu6050.o(.text)
    MPU_Get_Gyroscope                        0x080012bf   Thumb Code    80  mpu6050.o(.text)
    MPU_Get_Accelerometer                    0x0800130f   Thumb Code    80  mpu6050.o(.text)
    MPU_Write_Len                            0x0800135f   Thumb Code    96  mpu6050.o(.text)
    mpu_reg_dump                             0x0800145f   Thumb Code    84  inv_mpu.o(.text)
    mpu_read_reg                             0x080014b3   Thumb Code    66  inv_mpu.o(.text)
    mpu_set_int_latched                      0x080014f5   Thumb Code   102  inv_mpu.o(.text)
    mpu_set_sensors                          0x0800155b   Thumb Code   202  inv_mpu.o(.text)
    mpu_set_bypass                           0x08001625   Thumb Code   328  inv_mpu.o(.text)
    mpu_reset_fifo                           0x0800176d   Thumb Code   472  inv_mpu.o(.text)
    mpu_configure_fifo                       0x08001945   Thumb Code   106  inv_mpu.o(.text)
    mpu_set_lpf                              0x080019af   Thumb Code   126  inv_mpu.o(.text)
    mpu_lp_accel_mode                        0x08001a2d   Thumb Code   218  inv_mpu.o(.text)
    mpu_set_sample_rate                      0x08001b07   Thumb Code   152  inv_mpu.o(.text)
    mpu_set_accel_fsr                        0x08001b9f   Thumb Code   132  inv_mpu.o(.text)
    mpu_set_gyro_fsr                         0x08001c23   Thumb Code   132  inv_mpu.o(.text)
    mpu_init                                 0x08001ca7   Thumb Code   416  inv_mpu.o(.text)
    mget_ms                                  0x08001e47   Thumb Code     2  inv_mpu.o(.text)
    mpu_get_gyro_reg                         0x08001e49   Thumb Code   110  inv_mpu.o(.text)
    mpu_get_accel_reg                        0x08001eb7   Thumb Code   110  inv_mpu.o(.text)
    mpu_get_temperature                      0x08001f25   Thumb Code   142  inv_mpu.o(.text)
    mpu_set_accel_bias                       0x08001fb3   Thumb Code   472  inv_mpu.o(.text)
    mpu_get_gyro_fsr                         0x0800218b   Thumb Code    64  inv_mpu.o(.text)
    mpu_get_accel_fsr                        0x080021cb   Thumb Code    72  inv_mpu.o(.text)
    mpu_get_lpf                              0x08002213   Thumb Code    74  inv_mpu.o(.text)
    mpu_get_sample_rate                      0x0800225d   Thumb Code    26  inv_mpu.o(.text)
    mpu_get_compass_sample_rate              0x08002277   Thumb Code    10  inv_mpu.o(.text)
    mpu_set_compass_sample_rate              0x08002281   Thumb Code     8  inv_mpu.o(.text)
    mpu_get_gyro_sens                        0x08002289   Thumb Code    74  inv_mpu.o(.text)
    mpu_get_accel_sens                       0x080022d3   Thumb Code    78  inv_mpu.o(.text)
    mpu_get_fifo_config                      0x08002321   Thumb Code    12  inv_mpu.o(.text)
    mpu_get_power_state                      0x0800232d   Thumb Code    22  inv_mpu.o(.text)
    mpu_get_int_status                       0x08002343   Thumb Code    64  inv_mpu.o(.text)
    mpu_read_fifo                            0x08002383   Thumb Code   520  inv_mpu.o(.text)
    mpu_read_fifo_stream                     0x0800258b   Thumb Code   186  inv_mpu.o(.text)
    mpu_set_int_level                        0x08002645   Thumb Code    12  inv_mpu.o(.text)
    mpu_set_dmp_state                        0x08002d55   Thumb Code   138  inv_mpu.o(.text)
    mpu_run_self_test                        0x08002ddf   Thumb Code   278  inv_mpu.o(.text)
    mpu_write_mem                            0x08002ef5   Thumb Code   122  inv_mpu.o(.text)
    mpu_read_mem                             0x08002f6f   Thumb Code   122  inv_mpu.o(.text)
    mpu_load_firmware                        0x08002fe9   Thumb Code   190  inv_mpu.o(.text)
    mpu_get_dmp_state                        0x080030a7   Thumb Code    14  inv_mpu.o(.text)
    setup_compass                            0x080030b5   Thumb Code     6  inv_mpu.o(.text)
    mpu_get_compass_reg                      0x080030bb   Thumb Code     8  inv_mpu.o(.text)
    mpu_get_compass_fsr                      0x080030c3   Thumb Code     8  inv_mpu.o(.text)
    mpu_lp_motion_interrupt                  0x080030cb   Thumb Code   512  inv_mpu.o(.text)
    run_self_test                            0x080032cb   Thumb Code   154  inv_mpu.o(.text)
    inv_row_2_scale                          0x08003365   Thumb Code    78  inv_mpu.o(.text)
    inv_orientation_matrix_to_scalar         0x080033b3   Thumb Code    40  inv_mpu.o(.text)
    mpu_dmp_init                             0x080033db   Thumb Code   160  inv_mpu.o(.text)
    mpu_dmp_get_data                         0x0800347b   Thumb Code   520  inv_mpu.o(.text)
    dmp_load_motion_driver_firmware          0x08003695   Thumb Code    20  inv_mpu_dmp_motion_driver.o(.text)
    dmp_set_orientation                      0x080036a9   Thumb Code   290  inv_mpu_dmp_motion_driver.o(.text)
    dmp_set_gyro_bias                        0x080037cb   Thumb Code   294  inv_mpu_dmp_motion_driver.o(.text)
    dmp_set_accel_bias                       0x080038f1   Thumb Code   300  inv_mpu_dmp_motion_driver.o(.text)
    dmp_set_fifo_rate                        0x08003a1d   Thumb Code   136  inv_mpu_dmp_motion_driver.o(.text)
    dmp_get_fifo_rate                        0x08003aa5   Thumb Code    12  inv_mpu_dmp_motion_driver.o(.text)
    dmp_set_tap_thresh                       0x08003ab1   Thumb Code   412  inv_mpu_dmp_motion_driver.o(.text)
    dmp_set_tap_axes                         0x08003c4d   Thumb Code    70  inv_mpu_dmp_motion_driver.o(.text)
    dmp_set_tap_count                        0x08003c93   Thumb Code    38  inv_mpu_dmp_motion_driver.o(.text)
    dmp_set_tap_time                         0x08003cb9   Thumb Code    38  inv_mpu_dmp_motion_driver.o(.text)
    dmp_set_tap_time_multi                   0x08003cdf   Thumb Code    38  inv_mpu_dmp_motion_driver.o(.text)
    dmp_set_shake_reject_thresh              0x08003d05   Thumb Code    56  inv_mpu_dmp_motion_driver.o(.text)
    dmp_set_shake_reject_time                0x08003d3d   Thumb Code    38  inv_mpu_dmp_motion_driver.o(.text)
    dmp_set_shake_reject_timeout             0x08003d63   Thumb Code    38  inv_mpu_dmp_motion_driver.o(.text)
    dmp_get_pedometer_step_count             0x08003d89   Thumb Code    66  inv_mpu_dmp_motion_driver.o(.text)
    dmp_set_pedometer_step_count             0x08003dcb   Thumb Code    42  inv_mpu_dmp_motion_driver.o(.text)
    dmp_get_pedometer_walk_time              0x08003df5   Thumb Code    72  inv_mpu_dmp_motion_driver.o(.text)
    dmp_set_pedometer_walk_time              0x08003e3d   Thumb Code    48  inv_mpu_dmp_motion_driver.o(.text)
    dmp_enable_6x_lp_quat                    0x08003e6d   Thumb Code   100  inv_mpu_dmp_motion_driver.o(.text)
    dmp_enable_lp_quat                       0x08003ed1   Thumb Code    60  inv_mpu_dmp_motion_driver.o(.text)
    dmp_enable_gyro_cal                      0x08003f0d   Thumb Code    62  inv_mpu_dmp_motion_driver.o(.text)
    dmp_enable_feature                       0x08003f4b   Thumb Code   530  inv_mpu_dmp_motion_driver.o(.text)
    dmp_get_enabled_features                 0x0800415d   Thumb Code    12  inv_mpu_dmp_motion_driver.o(.text)
    dmp_set_interrupt_mode                   0x080041c7   Thumb Code    66  inv_mpu_dmp_motion_driver.o(.text)
    dmp_read_fifo                            0x08004209   Thumb Code   524  inv_mpu_dmp_motion_driver.o(.text)
    dmp_register_tap_cb                      0x08004415   Thumb Code    10  inv_mpu_dmp_motion_driver.o(.text)
    dmp_register_android_orient_cb           0x0800441f   Thumb Code    10  inv_mpu_dmp_motion_driver.o(.text)
    PWM_Output_Initial                       0x080045df   Thumb Code    26  pwm_output.o(.text)
    PWM_Output_Set_default                   0x080045f9   Thumb Code    16  pwm_output.o(.text)
    delay_init                               0x08004615   Thumb Code    52  delay.o(.text)
    delay_us                                 0x08004649   Thumb Code    72  delay.o(.text)
    delay_xms                                0x08004691   Thumb Code    72  delay.o(.text)
    delay_ms                                 0x080046d9   Thumb Code    56  delay.o(.text)
    _sys_exit                                0x08004719   Thumb Code     6  usart.o(.text)
    fputc                                    0x0800471f   Thumb Code    22  usart.o(.text)
    uart_init                                0x08004735   Thumb Code   172  usart.o(.text)
    USART1_Send_String                       0x080047e1   Thumb Code    38  usart.o(.text)
    USART1_IRQHandler                        0x08004807   Thumb Code   122  usart.o(.text)
    Reset_Handler                            0x08004891   Thumb Code     8  startup_stm32f40_41xxx.o(.text)
    ADC_IRQHandler                           0x080048ab   Thumb Code     0  startup_stm32f40_41xxx.o(.text)
    CAN1_RX0_IRQHandler                      0x080048ab   Thumb Code     0  startup_stm32f40_41xxx.o(.text)
    CAN1_RX1_IRQHandler                      0x080048ab   Thumb Code     0  startup_stm32f40_41xxx.o(.text)
    CAN1_SCE_IRQHandler                      0x080048ab   Thumb Code     0  startup_stm32f40_41xxx.o(.text)
    CAN1_TX_IRQHandler                       0x080048ab   Thumb Code     0  startup_stm32f40_41xxx.o(.text)
    CAN2_RX0_IRQHandler                      0x080048ab   Thumb Code     0  startup_stm32f40_41xxx.o(.text)
    CAN2_RX1_IRQHandler                      0x080048ab   Thumb Code     0  startup_stm32f40_41xxx.o(.text)
    CAN2_SCE_IRQHandler                      0x080048ab   Thumb Code     0  startup_stm32f40_41xxx.o(.text)
    CAN2_TX_IRQHandler                       0x080048ab   Thumb Code     0  startup_stm32f40_41xxx.o(.text)
    CRYP_IRQHandler                          0x080048ab   Thumb Code     0  startup_stm32f40_41xxx.o(.text)
    DCMI_IRQHandler                          0x080048ab   Thumb Code     0  startup_stm32f40_41xxx.o(.text)
    DMA1_Stream0_IRQHandler                  0x080048ab   Thumb Code     0  startup_stm32f40_41xxx.o(.text)
    DMA1_Stream1_IRQHandler                  0x080048ab   Thumb Code     0  startup_stm32f40_41xxx.o(.text)
    DMA1_Stream2_IRQHandler                  0x080048ab   Thumb Code     0  startup_stm32f40_41xxx.o(.text)
    DMA1_Stream3_IRQHandler                  0x080048ab   Thumb Code     0  startup_stm32f40_41xxx.o(.text)
    DMA1_Stream4_IRQHandler                  0x080048ab   Thumb Code     0  startup_stm32f40_41xxx.o(.text)
    DMA1_Stream5_IRQHandler                  0x080048ab   Thumb Code     0  startup_stm32f40_41xxx.o(.text)
    DMA1_Stream6_IRQHandler                  0x080048ab   Thumb Code     0  startup_stm32f40_41xxx.o(.text)
    DMA1_Stream7_IRQHandler                  0x080048ab   Thumb Code     0  startup_stm32f40_41xxx.o(.text)
    DMA2_Stream0_IRQHandler                  0x080048ab   Thumb Code     0  startup_stm32f40_41xxx.o(.text)
    DMA2_Stream1_IRQHandler                  0x080048ab   Thumb Code     0  startup_stm32f40_41xxx.o(.text)
    DMA2_Stream2_IRQHandler                  0x080048ab   Thumb Code     0  startup_stm32f40_41xxx.o(.text)
    DMA2_Stream3_IRQHandler                  0x080048ab   Thumb Code     0  startup_stm32f40_41xxx.o(.text)
    DMA2_Stream4_IRQHandler                  0x080048ab   Thumb Code     0  startup_stm32f40_41xxx.o(.text)
    DMA2_Stream5_IRQHandler                  0x080048ab   Thumb Code     0  startup_stm32f40_41xxx.o(.text)
    DMA2_Stream6_IRQHandler                  0x080048ab   Thumb Code     0  startup_stm32f40_41xxx.o(.text)
    DMA2_Stream7_IRQHandler                  0x080048ab   Thumb Code     0  startup_stm32f40_41xxx.o(.text)
    ETH_IRQHandler                           0x080048ab   Thumb Code     0  startup_stm32f40_41xxx.o(.text)
    ETH_WKUP_IRQHandler                      0x080048ab   Thumb Code     0  startup_stm32f40_41xxx.o(.text)
    EXTI0_IRQHandler                         0x080048ab   Thumb Code     0  startup_stm32f40_41xxx.o(.text)
    EXTI15_10_IRQHandler                     0x080048ab   Thumb Code     0  startup_stm32f40_41xxx.o(.text)
    EXTI1_IRQHandler                         0x080048ab   Thumb Code     0  startup_stm32f40_41xxx.o(.text)
    EXTI2_IRQHandler                         0x080048ab   Thumb Code     0  startup_stm32f40_41xxx.o(.text)
    EXTI3_IRQHandler                         0x080048ab   Thumb Code     0  startup_stm32f40_41xxx.o(.text)
    EXTI4_IRQHandler                         0x080048ab   Thumb Code     0  startup_stm32f40_41xxx.o(.text)
    EXTI9_5_IRQHandler                       0x080048ab   Thumb Code     0  startup_stm32f40_41xxx.o(.text)
    FLASH_IRQHandler                         0x080048ab   Thumb Code     0  startup_stm32f40_41xxx.o(.text)
    FPU_IRQHandler                           0x080048ab   Thumb Code     0  startup_stm32f40_41xxx.o(.text)
    FSMC_IRQHandler                          0x080048ab   Thumb Code     0  startup_stm32f40_41xxx.o(.text)
    HASH_RNG_IRQHandler                      0x080048ab   Thumb Code     0  startup_stm32f40_41xxx.o(.text)
    I2C1_ER_IRQHandler                       0x080048ab   Thumb Code     0  startup_stm32f40_41xxx.o(.text)
    I2C1_EV_IRQHandler                       0x080048ab   Thumb Code     0  startup_stm32f40_41xxx.o(.text)
    I2C2_ER_IRQHandler                       0x080048ab   Thumb Code     0  startup_stm32f40_41xxx.o(.text)
    I2C2_EV_IRQHandler                       0x080048ab   Thumb Code     0  startup_stm32f40_41xxx.o(.text)
    I2C3_ER_IRQHandler                       0x080048ab   Thumb Code     0  startup_stm32f40_41xxx.o(.text)
    I2C3_EV_IRQHandler                       0x080048ab   Thumb Code     0  startup_stm32f40_41xxx.o(.text)
    OTG_FS_IRQHandler                        0x080048ab   Thumb Code     0  startup_stm32f40_41xxx.o(.text)
    OTG_FS_WKUP_IRQHandler                   0x080048ab   Thumb Code     0  startup_stm32f40_41xxx.o(.text)
    OTG_HS_EP1_IN_IRQHandler                 0x080048ab   Thumb Code     0  startup_stm32f40_41xxx.o(.text)
    OTG_HS_EP1_OUT_IRQHandler                0x080048ab   Thumb Code     0  startup_stm32f40_41xxx.o(.text)
    OTG_HS_IRQHandler                        0x080048ab   Thumb Code     0  startup_stm32f40_41xxx.o(.text)
    OTG_HS_WKUP_IRQHandler                   0x080048ab   Thumb Code     0  startup_stm32f40_41xxx.o(.text)
    PVD_IRQHandler                           0x080048ab   Thumb Code     0  startup_stm32f40_41xxx.o(.text)
    RCC_IRQHandler                           0x080048ab   Thumb Code     0  startup_stm32f40_41xxx.o(.text)
    RTC_Alarm_IRQHandler                     0x080048ab   Thumb Code     0  startup_stm32f40_41xxx.o(.text)
    RTC_WKUP_IRQHandler                      0x080048ab   Thumb Code     0  startup_stm32f40_41xxx.o(.text)
    SDIO_IRQHandler                          0x080048ab   Thumb Code     0  startup_stm32f40_41xxx.o(.text)
    SPI1_IRQHandler                          0x080048ab   Thumb Code     0  startup_stm32f40_41xxx.o(.text)
    SPI2_IRQHandler                          0x080048ab   Thumb Code     0  startup_stm32f40_41xxx.o(.text)
    SPI3_IRQHandler                          0x080048ab   Thumb Code     0  startup_stm32f40_41xxx.o(.text)
    TAMP_STAMP_IRQHandler                    0x080048ab   Thumb Code     0  startup_stm32f40_41xxx.o(.text)
    TIM1_BRK_TIM9_IRQHandler                 0x080048ab   Thumb Code     0  startup_stm32f40_41xxx.o(.text)
    TIM1_CC_IRQHandler                       0x080048ab   Thumb Code     0  startup_stm32f40_41xxx.o(.text)
    TIM1_TRG_COM_TIM11_IRQHandler            0x080048ab   Thumb Code     0  startup_stm32f40_41xxx.o(.text)
    TIM1_UP_TIM10_IRQHandler                 0x080048ab   Thumb Code     0  startup_stm32f40_41xxx.o(.text)
    TIM2_IRQHandler                          0x080048ab   Thumb Code     0  startup_stm32f40_41xxx.o(.text)
    TIM3_IRQHandler                          0x080048ab   Thumb Code     0  startup_stm32f40_41xxx.o(.text)
    TIM5_IRQHandler                          0x080048ab   Thumb Code     0  startup_stm32f40_41xxx.o(.text)
    TIM6_DAC_IRQHandler                      0x080048ab   Thumb Code     0  startup_stm32f40_41xxx.o(.text)
    TIM7_IRQHandler                          0x080048ab   Thumb Code     0  startup_stm32f40_41xxx.o(.text)
    TIM8_BRK_TIM12_IRQHandler                0x080048ab   Thumb Code     0  startup_stm32f40_41xxx.o(.text)
    TIM8_CC_IRQHandler                       0x080048ab   Thumb Code     0  startup_stm32f40_41xxx.o(.text)
    TIM8_TRG_COM_TIM14_IRQHandler            0x080048ab   Thumb Code     0  startup_stm32f40_41xxx.o(.text)
    TIM8_UP_TIM13_IRQHandler                 0x080048ab   Thumb Code     0  startup_stm32f40_41xxx.o(.text)
    UART4_IRQHandler                         0x080048ab   Thumb Code     0  startup_stm32f40_41xxx.o(.text)
    UART5_IRQHandler                         0x080048ab   Thumb Code     0  startup_stm32f40_41xxx.o(.text)
    USART2_IRQHandler                        0x080048ab   Thumb Code     0  startup_stm32f40_41xxx.o(.text)
    USART3_IRQHandler                        0x080048ab   Thumb Code     0  startup_stm32f40_41xxx.o(.text)
    USART6_IRQHandler                        0x080048ab   Thumb Code     0  startup_stm32f40_41xxx.o(.text)
    WWDG_IRQHandler                          0x080048ab   Thumb Code     0  startup_stm32f40_41xxx.o(.text)
    __user_initial_stackheap                 0x080048ad   Thumb Code     0  startup_stm32f40_41xxx.o(.text)
    NVIC_PriorityGroupConfig                 0x080048d1   Thumb Code    10  misc.o(.text)
    NVIC_Init                                0x080048db   Thumb Code   106  misc.o(.text)
    NVIC_SetVectorTable                      0x08004945   Thumb Code    14  misc.o(.text)
    NVIC_SystemLPConfig                      0x08004953   Thumb Code    34  misc.o(.text)
    SysTick_CLKSourceConfig                  0x08004975   Thumb Code    40  misc.o(.text)
    GPIO_DeInit                              0x080049b1   Thumb Code   268  stm32f4xx_gpio.o(.text)
    GPIO_Init                                0x08004abd   Thumb Code   144  stm32f4xx_gpio.o(.text)
    GPIO_StructInit                          0x08004b4d   Thumb Code    18  stm32f4xx_gpio.o(.text)
    GPIO_PinLockConfig                       0x08004b5f   Thumb Code    34  stm32f4xx_gpio.o(.text)
    GPIO_ReadInputDataBit                    0x08004b81   Thumb Code    18  stm32f4xx_gpio.o(.text)
    GPIO_ReadInputData                       0x08004b93   Thumb Code     8  stm32f4xx_gpio.o(.text)
    GPIO_ReadOutputDataBit                   0x08004b9b   Thumb Code    18  stm32f4xx_gpio.o(.text)
    GPIO_ReadOutputData                      0x08004bad   Thumb Code     8  stm32f4xx_gpio.o(.text)
    GPIO_SetBits                             0x08004bb5   Thumb Code     4  stm32f4xx_gpio.o(.text)
    GPIO_ResetBits                           0x08004bb9   Thumb Code     4  stm32f4xx_gpio.o(.text)
    GPIO_WriteBit                            0x08004bbd   Thumb Code    10  stm32f4xx_gpio.o(.text)
    GPIO_Write                               0x08004bc7   Thumb Code     4  stm32f4xx_gpio.o(.text)
    GPIO_ToggleBits                          0x08004bcb   Thumb Code     8  stm32f4xx_gpio.o(.text)
    GPIO_PinAFConfig                         0x08004bd3   Thumb Code    70  stm32f4xx_gpio.o(.text)
    RCC_DeInit                               0x08004c45   Thumb Code    82  stm32f4xx_rcc.o(.text)
    RCC_HSEConfig                            0x08004c97   Thumb Code    14  stm32f4xx_rcc.o(.text)
    RCC_GetFlagStatus                        0x08004ca5   Thumb Code    60  stm32f4xx_rcc.o(.text)
    RCC_WaitForHSEStartUp                    0x08004ce1   Thumb Code    56  stm32f4xx_rcc.o(.text)
    RCC_AdjustHSICalibrationValue            0x08004d19   Thumb Code    20  stm32f4xx_rcc.o(.text)
    RCC_HSICmd                               0x08004d2d   Thumb Code     6  stm32f4xx_rcc.o(.text)
    RCC_LSEConfig                            0x08004d33   Thumb Code    46  stm32f4xx_rcc.o(.text)
    RCC_LSICmd                               0x08004d61   Thumb Code     6  stm32f4xx_rcc.o(.text)
    RCC_PLLConfig                            0x08004d67   Thumb Code    32  stm32f4xx_rcc.o(.text)
    RCC_PLLCmd                               0x08004d87   Thumb Code     6  stm32f4xx_rcc.o(.text)
    RCC_PLLI2SConfig                         0x08004d8d   Thumb Code    14  stm32f4xx_rcc.o(.text)
    RCC_PLLI2SCmd                            0x08004d9b   Thumb Code     6  stm32f4xx_rcc.o(.text)
    RCC_PLLSAIConfig                         0x08004da1   Thumb Code    20  stm32f4xx_rcc.o(.text)
    RCC_PLLSAICmd                            0x08004db5   Thumb Code     6  stm32f4xx_rcc.o(.text)
    RCC_ClockSecuritySystemCmd               0x08004dbb   Thumb Code     6  stm32f4xx_rcc.o(.text)
    RCC_MCO1Config                           0x08004dc1   Thumb Code    28  stm32f4xx_rcc.o(.text)
    RCC_MCO2Config                           0x08004ddd   Thumb Code    28  stm32f4xx_rcc.o(.text)
    RCC_SYSCLKConfig                         0x08004df9   Thumb Code    20  stm32f4xx_rcc.o(.text)
    RCC_GetSYSCLKSource                      0x08004e0d   Thumb Code    12  stm32f4xx_rcc.o(.text)
    RCC_HCLKConfig                           0x08004e19   Thumb Code    20  stm32f4xx_rcc.o(.text)
    RCC_PCLK1Config                          0x08004e2d   Thumb Code    20  stm32f4xx_rcc.o(.text)
    RCC_PCLK2Config                          0x08004e41   Thumb Code    22  stm32f4xx_rcc.o(.text)
    RCC_GetClocksFreq                        0x08004e57   Thumb Code   222  stm32f4xx_rcc.o(.text)
    RCC_RTCCLKConfig                         0x08004f35   Thumb Code    54  stm32f4xx_rcc.o(.text)
    RCC_RTCCLKCmd                            0x08004f6b   Thumb Code     8  stm32f4xx_rcc.o(.text)
    RCC_BackupResetCmd                       0x08004f73   Thumb Code     8  stm32f4xx_rcc.o(.text)
    RCC_I2SCLKConfig                         0x08004f7b   Thumb Code     6  stm32f4xx_rcc.o(.text)
    RCC_SAIPLLI2SClkDivConfig                0x08004f81   Thumb Code    26  stm32f4xx_rcc.o(.text)
    RCC_SAIPLLSAIClkDivConfig                0x08004f9b   Thumb Code    28  stm32f4xx_rcc.o(.text)
    RCC_SAIBlockACLKConfig                   0x08004fb7   Thumb Code    20  stm32f4xx_rcc.o(.text)
    RCC_SAIBlockBCLKConfig                   0x08004fcb   Thumb Code    20  stm32f4xx_rcc.o(.text)
    RCC_LTDCCLKDivConfig                     0x08004fdf   Thumb Code    20  stm32f4xx_rcc.o(.text)
    RCC_TIMCLKPresConfig                     0x08004ff3   Thumb Code     6  stm32f4xx_rcc.o(.text)
    RCC_AHB1PeriphClockCmd                   0x08004ff9   Thumb Code    34  stm32f4xx_rcc.o(.text)
    RCC_AHB2PeriphClockCmd                   0x0800501b   Thumb Code    78  stm32f4xx_rcc.o(.text)
    RCC_AHB3PeriphClockCmd                   0x08005069   Thumb Code    34  stm32f4xx_rcc.o(.text)
    RCC_APB1PeriphClockCmd                   0x0800508b   Thumb Code    34  stm32f4xx_rcc.o(.text)
    RCC_APB2PeriphClockCmd                   0x080050ad   Thumb Code    34  stm32f4xx_rcc.o(.text)
    RCC_AHB1PeriphResetCmd                   0x080050cf   Thumb Code    34  stm32f4xx_rcc.o(.text)
    RCC_AHB2PeriphResetCmd                   0x080050f1   Thumb Code    34  stm32f4xx_rcc.o(.text)
    RCC_AHB3PeriphResetCmd                   0x08005113   Thumb Code    34  stm32f4xx_rcc.o(.text)
    RCC_APB1PeriphResetCmd                   0x08005135   Thumb Code    34  stm32f4xx_rcc.o(.text)
    RCC_APB2PeriphResetCmd                   0x08005157   Thumb Code    34  stm32f4xx_rcc.o(.text)
    RCC_AHB1PeriphClockLPModeCmd             0x08005179   Thumb Code    34  stm32f4xx_rcc.o(.text)
    RCC_AHB2PeriphClockLPModeCmd             0x0800519b   Thumb Code    34  stm32f4xx_rcc.o(.text)
    RCC_AHB3PeriphClockLPModeCmd             0x080051bd   Thumb Code    34  stm32f4xx_rcc.o(.text)
    RCC_APB1PeriphClockLPModeCmd             0x080051df   Thumb Code    34  stm32f4xx_rcc.o(.text)
    RCC_APB2PeriphClockLPModeCmd             0x08005201   Thumb Code    34  stm32f4xx_rcc.o(.text)
    RCC_LSEModeConfig                        0x08005223   Thumb Code    40  stm32f4xx_rcc.o(.text)
    RCC_ITConfig                             0x0800524b   Thumb Code    34  stm32f4xx_rcc.o(.text)
    RCC_ClearFlag                            0x0800526d   Thumb Code    18  stm32f4xx_rcc.o(.text)
    RCC_GetITStatus                          0x0800527f   Thumb Code    22  stm32f4xx_rcc.o(.text)
    RCC_ClearITPendingBit                    0x08005295   Thumb Code     8  stm32f4xx_rcc.o(.text)
    USART_DeInit                             0x080052a1   Thumb Code   206  stm32f4xx_usart.o(.text)
    USART_Init                               0x0800536f   Thumb Code   204  stm32f4xx_usart.o(.text)
    USART_StructInit                         0x0800543b   Thumb Code    24  stm32f4xx_usart.o(.text)
    USART_ClockInit                          0x08005453   Thumb Code    32  stm32f4xx_usart.o(.text)
    USART_ClockStructInit                    0x08005473   Thumb Code    12  stm32f4xx_usart.o(.text)
    USART_Cmd                                0x0800547f   Thumb Code    24  stm32f4xx_usart.o(.text)
    USART_SetPrescaler                       0x08005497   Thumb Code    16  stm32f4xx_usart.o(.text)
    USART_OverSampling8Cmd                   0x080054a7   Thumb Code    22  stm32f4xx_usart.o(.text)
    USART_OneBitMethodCmd                    0x080054bd   Thumb Code    24  stm32f4xx_usart.o(.text)
    USART_SendData                           0x080054d5   Thumb Code     8  stm32f4xx_usart.o(.text)
    USART_ReceiveData                        0x080054dd   Thumb Code    10  stm32f4xx_usart.o(.text)
    USART_SetAddress                         0x080054e7   Thumb Code    18  stm32f4xx_usart.o(.text)
    USART_ReceiverWakeUpCmd                  0x080054f9   Thumb Code    24  stm32f4xx_usart.o(.text)
    USART_WakeUpConfig                       0x08005511   Thumb Code    18  stm32f4xx_usart.o(.text)
    USART_LINBreakDetectLengthConfig         0x08005523   Thumb Code    18  stm32f4xx_usart.o(.text)
    USART_LINCmd                             0x08005535   Thumb Code    24  stm32f4xx_usart.o(.text)
    USART_SendBreak                          0x0800554d   Thumb Code    10  stm32f4xx_usart.o(.text)
    USART_HalfDuplexCmd                      0x08005557   Thumb Code    24  stm32f4xx_usart.o(.text)
    USART_SetGuardTime                       0x0800556f   Thumb Code    16  stm32f4xx_usart.o(.text)
    USART_SmartCardCmd                       0x0800557f   Thumb Code    24  stm32f4xx_usart.o(.text)
    USART_SmartCardNACKCmd                   0x08005597   Thumb Code    24  stm32f4xx_usart.o(.text)
    USART_IrDAConfig                         0x080055af   Thumb Code    18  stm32f4xx_usart.o(.text)
    USART_IrDACmd                            0x080055c1   Thumb Code    24  stm32f4xx_usart.o(.text)
    USART_DMACmd                             0x080055d9   Thumb Code    18  stm32f4xx_usart.o(.text)
    USART_ITConfig                           0x080055eb   Thumb Code    74  stm32f4xx_usart.o(.text)
    USART_GetFlagStatus                      0x08005635   Thumb Code    26  stm32f4xx_usart.o(.text)
    USART_ClearFlag                          0x0800564f   Thumb Code    18  stm32f4xx_usart.o(.text)
    USART_GetITStatus                        0x08005661   Thumb Code   118  stm32f4xx_usart.o(.text)
    USART_ClearITPendingBit                  0x080056d7   Thumb Code    30  stm32f4xx_usart.o(.text)
    TIM_DeInit                               0x080056f5   Thumb Code   346  stm32f4xx_tim.o(.text)
    TIM_TimeBaseInit                         0x0800584f   Thumb Code   104  stm32f4xx_tim.o(.text)
    TIM_TimeBaseStructInit                   0x080058b7   Thumb Code    18  stm32f4xx_tim.o(.text)
    TIM_PrescalerConfig                      0x080058c9   Thumb Code     6  stm32f4xx_tim.o(.text)
    TIM_CounterModeConfig                    0x080058cf   Thumb Code    18  stm32f4xx_tim.o(.text)
    TIM_SetCounter                           0x080058e1   Thumb Code     4  stm32f4xx_tim.o(.text)
    TIM_SetAutoreload                        0x080058e5   Thumb Code     4  stm32f4xx_tim.o(.text)
    TIM_GetCounter                           0x080058e9   Thumb Code     6  stm32f4xx_tim.o(.text)
    TIM_GetPrescaler                         0x080058ef   Thumb Code     6  stm32f4xx_tim.o(.text)
    TIM_UpdateDisableConfig                  0x080058f5   Thumb Code    24  stm32f4xx_tim.o(.text)
    TIM_UpdateRequestConfig                  0x0800590d   Thumb Code    24  stm32f4xx_tim.o(.text)
    TIM_ARRPreloadConfig                     0x08005925   Thumb Code    24  stm32f4xx_tim.o(.text)
    TIM_SelectOnePulseMode                   0x0800593d   Thumb Code    18  stm32f4xx_tim.o(.text)
    TIM_SetClockDivision                     0x0800594f   Thumb Code    18  stm32f4xx_tim.o(.text)
    TIM_Cmd                                  0x08005961   Thumb Code    24  stm32f4xx_tim.o(.text)
    TIM_OC1Init                              0x08005979   Thumb Code   114  stm32f4xx_tim.o(.text)
    TIM_OC2Init                              0x080059eb   Thumb Code   154  stm32f4xx_tim.o(.text)
    TIM_OC3Init                              0x08005a85   Thumb Code   204  stm32f4xx_tim.o(.text)
    TIM_OC4Init                              0x08005b51   Thumb Code   112  stm32f4xx_tim.o(.text)
    TIM_OCStructInit                         0x08005bc1   Thumb Code    20  stm32f4xx_tim.o(.text)
    TIM_SelectOCxM                           0x08005bd5   Thumb Code    86  stm32f4xx_tim.o(.text)
    TIM_SetCompare1                          0x08005c2b   Thumb Code     4  stm32f4xx_tim.o(.text)
    TIM_SetCompare2                          0x08005c2f   Thumb Code     4  stm32f4xx_tim.o(.text)
    TIM_SetCompare3                          0x08005c33   Thumb Code     4  stm32f4xx_tim.o(.text)
    TIM_SetCompare4                          0x08005c37   Thumb Code     4  stm32f4xx_tim.o(.text)
    TIM_ForcedOC1Config                      0x08005c3b   Thumb Code    18  stm32f4xx_tim.o(.text)
    TIM_ForcedOC2Config                      0x08005c4d   Thumb Code    26  stm32f4xx_tim.o(.text)
    TIM_ForcedOC3Config                      0x08005c67   Thumb Code    18  stm32f4xx_tim.o(.text)
    TIM_ForcedOC4Config                      0x08005c79   Thumb Code    26  stm32f4xx_tim.o(.text)
    TIM_OC1PreloadConfig                     0x08005c93   Thumb Code    18  stm32f4xx_tim.o(.text)
    TIM_OC2PreloadConfig                     0x08005ca5   Thumb Code    26  stm32f4xx_tim.o(.text)
    TIM_OC3PreloadConfig                     0x08005cbf   Thumb Code    18  stm32f4xx_tim.o(.text)
    TIM_OC4PreloadConfig                     0x08005cd1   Thumb Code    26  stm32f4xx_tim.o(.text)
    TIM_OC1FastConfig                        0x08005ceb   Thumb Code    18  stm32f4xx_tim.o(.text)
    TIM_OC2FastConfig                        0x08005cfd   Thumb Code    26  stm32f4xx_tim.o(.text)
    TIM_OC3FastConfig                        0x08005d17   Thumb Code    18  stm32f4xx_tim.o(.text)
    TIM_OC4FastConfig                        0x08005d29   Thumb Code    26  stm32f4xx_tim.o(.text)
    TIM_ClearOC1Ref                          0x08005d43   Thumb Code    18  stm32f4xx_tim.o(.text)
    TIM_ClearOC2Ref                          0x08005d55   Thumb Code    24  stm32f4xx_tim.o(.text)
    TIM_ClearOC3Ref                          0x08005d6d   Thumb Code    18  stm32f4xx_tim.o(.text)
    TIM_ClearOC4Ref                          0x08005d7f   Thumb Code    24  stm32f4xx_tim.o(.text)
    TIM_OC1PolarityConfig                    0x08005d97   Thumb Code    18  stm32f4xx_tim.o(.text)
    TIM_OC1NPolarityConfig                   0x08005da9   Thumb Code    18  stm32f4xx_tim.o(.text)
    TIM_OC2PolarityConfig                    0x08005dbb   Thumb Code    26  stm32f4xx_tim.o(.text)
    TIM_OC2NPolarityConfig                   0x08005dd5   Thumb Code    26  stm32f4xx_tim.o(.text)
    TIM_OC3PolarityConfig                    0x08005def   Thumb Code    26  stm32f4xx_tim.o(.text)
    TIM_OC3NPolarityConfig                   0x08005e09   Thumb Code    26  stm32f4xx_tim.o(.text)
    TIM_OC4PolarityConfig                    0x08005e23   Thumb Code    26  stm32f4xx_tim.o(.text)
    TIM_CCxCmd                               0x08005e3d   Thumb Code    30  stm32f4xx_tim.o(.text)
    TIM_CCxNCmd                              0x08005e5b   Thumb Code    30  stm32f4xx_tim.o(.text)
    TIM_SetIC4Prescaler                      0x08005e79   Thumb Code    26  stm32f4xx_tim.o(.text)
    TIM_SetIC3Prescaler                      0x08005ee3   Thumb Code    18  stm32f4xx_tim.o(.text)
    TIM_SetIC2Prescaler                      0x08005f3d   Thumb Code    26  stm32f4xx_tim.o(.text)
    TIM_SetIC1Prescaler                      0x08005fb1   Thumb Code    18  stm32f4xx_tim.o(.text)
    TIM_ICInit                               0x08005ffd   Thumb Code   110  stm32f4xx_tim.o(.text)
    TIM_ICStructInit                         0x0800606b   Thumb Code    18  stm32f4xx_tim.o(.text)
    TIM_PWMIConfig                           0x0800607d   Thumb Code   124  stm32f4xx_tim.o(.text)
    TIM_GetCapture1                          0x080060f9   Thumb Code     6  stm32f4xx_tim.o(.text)
    TIM_GetCapture2                          0x080060ff   Thumb Code     6  stm32f4xx_tim.o(.text)
    TIM_GetCapture3                          0x08006105   Thumb Code     6  stm32f4xx_tim.o(.text)
    TIM_GetCapture4                          0x0800610b   Thumb Code     6  stm32f4xx_tim.o(.text)
    TIM_BDTRConfig                           0x08006111   Thumb Code    32  stm32f4xx_tim.o(.text)
    TIM_BDTRStructInit                       0x08006131   Thumb Code    18  stm32f4xx_tim.o(.text)
    TIM_CtrlPWMOutputs                       0x08006143   Thumb Code    30  stm32f4xx_tim.o(.text)
    TIM_SelectCOM                            0x08006161   Thumb Code    24  stm32f4xx_tim.o(.text)
    TIM_CCPreloadControl                     0x08006179   Thumb Code    24  stm32f4xx_tim.o(.text)
    TIM_ITConfig                             0x08006191   Thumb Code    18  stm32f4xx_tim.o(.text)
    TIM_GenerateEvent                        0x080061a3   Thumb Code     4  stm32f4xx_tim.o(.text)
    TIM_GetFlagStatus                        0x080061a7   Thumb Code    18  stm32f4xx_tim.o(.text)
    TIM_ClearFlag                            0x080061b9   Thumb Code     6  stm32f4xx_tim.o(.text)
    TIM_GetITStatus                          0x080061bf   Thumb Code    34  stm32f4xx_tim.o(.text)
    TIM_ClearITPendingBit                    0x080061e1   Thumb Code     6  stm32f4xx_tim.o(.text)
    TIM_DMAConfig                            0x080061e7   Thumb Code    10  stm32f4xx_tim.o(.text)
    TIM_DMACmd                               0x080061f1   Thumb Code    18  stm32f4xx_tim.o(.text)
    TIM_SelectCCDMA                          0x08006203   Thumb Code    24  stm32f4xx_tim.o(.text)
    TIM_InternalClockConfig                  0x0800621b   Thumb Code    12  stm32f4xx_tim.o(.text)
    TIM_SelectInputTrigger                   0x08006227   Thumb Code    18  stm32f4xx_tim.o(.text)
    TIM_ITRxExternalClockConfig              0x08006239   Thumb Code    24  stm32f4xx_tim.o(.text)
    TIM_TIxExternalClockConfig               0x08006251   Thumb Code    62  stm32f4xx_tim.o(.text)
    TIM_ETRConfig                            0x0800628f   Thumb Code    28  stm32f4xx_tim.o(.text)
    TIM_ETRClockMode1Config                  0x080062ab   Thumb Code    54  stm32f4xx_tim.o(.text)
    TIM_ETRClockMode2Config                  0x080062e1   Thumb Code    32  stm32f4xx_tim.o(.text)
    TIM_SelectOutputTrigger                  0x08006301   Thumb Code    18  stm32f4xx_tim.o(.text)
    TIM_SelectSlaveMode                      0x08006313   Thumb Code    18  stm32f4xx_tim.o(.text)
    TIM_SelectMasterSlaveMode                0x08006325   Thumb Code    18  stm32f4xx_tim.o(.text)
    TIM_EncoderInterfaceConfig               0x08006337   Thumb Code    66  stm32f4xx_tim.o(.text)
    TIM_SelectHallSensor                     0x08006379   Thumb Code    24  stm32f4xx_tim.o(.text)
    TIM_RemapConfig                          0x08006391   Thumb Code     6  stm32f4xx_tim.o(.text)
    usmart_sys_cmd_exe                       0x08006399   Thumb Code  1554  usmart.o(.text)
    usmart_reset_runtime                     0x080069ab   Thumb Code    38  usmart.o(.text)
    usmart_get_runtime                       0x080069d1   Thumb Code    60  usmart.o(.text)
    TIM4_IRQHandler                          0x08006a0d   Thumb Code    46  usmart.o(.text)
    Timer4_Init                              0x08006a3b   Thumb Code    86  usmart.o(.text)
    usmart_init                              0x08006a91   Thumb Code    36  usmart.o(.text)
    usmart_cmd_rec                           0x08006ab5   Thumb Code   170  usmart.o(.text)
    usmart_exe                               0x08006b5f   Thumb Code   868  usmart.o(.text)
    usmart_scan                              0x08006ec3   Thumb Code   120  usmart.o(.text)
    read_addr                                0x08006f3b   Thumb Code     6  usmart.o(.text)
    write_addr                               0x08006f41   Thumb Code     4  usmart.o(.text)
    usmart_strcmp                            0x08006fcd   Thumb Code    34  usmart_str.o(.text)
    usmart_strcopy                           0x08006fef   Thumb Code    22  usmart_str.o(.text)
    usmart_strlen                            0x08007005   Thumb Code    24  usmart_str.o(.text)
    usmart_pow                               0x0800701d   Thumb Code    22  usmart_str.o(.text)
    usmart_str2num                           0x08007033   Thumb Code   202  usmart_str.o(.text)
    usmart_get_cmdname                       0x080070fd   Thumb Code    54  usmart_str.o(.text)
    usmart_search_nextc                      0x08007133   Thumb Code    22  usmart_str.o(.text)
    usmart_get_fname                         0x08007149   Thumb Code   440  usmart_str.o(.text)
    usmart_get_aparm                         0x08007301   Thumb Code   200  usmart_str.o(.text)
    usmart_get_parmpos                       0x080073c9   Thumb Code    26  usmart_str.o(.text)
    usmart_get_fparam                        0x080073e3   Thumb Code   262  usmart_str.o(.text)
    __use_no_semihosting                     0x080074f5   Thumb Code     2  use_no_semi_2.o(.text)
    __aeabi_ldivmod                          0x080074f7   Thumb Code     0  llsdiv.o(.text)
    _ll_sdiv                                 0x080074f7   Thumb Code    72  llsdiv.o(.text)
    __2printf                                0x08007541   Thumb Code    20  noretval__2printf.o(.text)
    _printf_pre_padding                      0x08007559   Thumb Code    44  _printf_pad.o(.text)
    _printf_post_padding                     0x08007585   Thumb Code    34  _printf_pad.o(.text)
    _printf_str                              0x080075a7   Thumb Code    82  _printf_str.o(.text)
    _printf_int_dec                          0x080075f9   Thumb Code   104  _printf_dec.o(.text)
    _printf_int_hex                          0x08007671   Thumb Code    84  _printf_hex_int.o(.text)
    _printf_longlong_hex                     0x08007671   Thumb Code     0  _printf_hex_int.o(.text)
    __printf                                 0x080076c9   Thumb Code   388  __printf_flags_ss_wp.o(.text)
    memcmp                                   0x08007851   Thumb Code    88  memcmp.o(.text)
    __aeabi_memset                           0x080078a9   Thumb Code    16  aeabi_memset.o(.text)
    __use_two_region_memory                  0x080078b9   Thumb Code     2  heapauxi.o(.text)
    __rt_heap_escrow$2region                 0x080078bb   Thumb Code     2  heapauxi.o(.text)
    __rt_heap_expand$2region                 0x080078bd   Thumb Code     2  heapauxi.o(.text)
    __I$use$semihosting                      0x080078bf   Thumb Code     0  use_no_semi.o(.text)
    __use_no_semihosting_swi                 0x080078bf   Thumb Code     2  use_no_semi.o(.text)
    __aeabi_uldivmod                         0x080078c1   Thumb Code     0  lludivv7m.o(.text)
    _ll_udiv                                 0x080078c1   Thumb Code   238  lludivv7m.o(.text)
    __read_errno                             0x080079af   Thumb Code    10  _rserrno.o(.text)
    __set_errno                              0x080079b9   Thumb Code    12  _rserrno.o(.text)
    _printf_int_common                       0x080079c5   Thumb Code   178  _printf_intcommon.o(.text)
    __lib_sel_fp_printf                      0x08007a77   Thumb Code     2  _printf_fp_dec.o(.text)
    _printf_fp_dec_real                      0x08007c25   Thumb Code   620  _printf_fp_dec.o(.text)
    _printf_cs_common                        0x08007e91   Thumb Code    20  _printf_char.o(.text)
    _printf_char                             0x08007ea5   Thumb Code    16  _printf_char.o(.text)
    _printf_string                           0x08007eb5   Thumb Code     8  _printf_char.o(.text)
    _printf_char_file                        0x08007ebd   Thumb Code    32  _printf_char_file.o(.text)
    __aeabi_memclr                           0x08007ee1   Thumb Code     0  rt_memclr.o(.text)
    __rt_memclr                              0x08007ee1   Thumb Code    68  rt_memclr.o(.text)
    _memset                                  0x08007ee5   Thumb Code     0  rt_memclr.o(.text)
    __rt_locale                              0x08007f25   Thumb Code     8  rt_locale_intlibspace.o(.text)
    __aeabi_errno_addr                       0x08007f2d   Thumb Code     8  rt_errno_addr_intlibspace.o(.text)
    __errno$intlibspace                      0x08007f2d   Thumb Code     0  rt_errno_addr_intlibspace.o(.text)
    __rt_errno_addr$intlibspace              0x08007f2d   Thumb Code     0  rt_errno_addr_intlibspace.o(.text)
    _ll_udiv10                               0x08007f35   Thumb Code   138  lludiv10.o(.text)
    _printf_char_common                      0x08007fcb   Thumb Code    32  _printf_char_common.o(.text)
    _printf_fp_infnan                        0x08007ff1   Thumb Code   112  _printf_fp_infnan.o(.text)
    _btod_etento                             0x08008071   Thumb Code   216  bigflt0.o(.text)
    ferror                                   0x0800814d   Thumb Code     8  ferror.o(.text)
    __aeabi_memclr4                          0x08008155   Thumb Code     0  rt_memclr_w.o(.text)
    __aeabi_memclr8                          0x08008155   Thumb Code     0  rt_memclr_w.o(.text)
    __rt_memclr_w                            0x08008155   Thumb Code    78  rt_memclr_w.o(.text)
    _memset_w                                0x08008159   Thumb Code     0  rt_memclr_w.o(.text)
    __user_libspace                          0x080081a5   Thumb Code     8  libspace.o(.text)
    __user_perproc_libspace                  0x080081a5   Thumb Code     0  libspace.o(.text)
    __user_perthread_libspace                0x080081a5   Thumb Code     0  libspace.o(.text)
    __user_setup_stackheap                   0x080081ad   Thumb Code    74  sys_stackheap_outer.o(.text)
    exit                                     0x080081f7   Thumb Code    18  exit.o(.text)
    strcmp                                   0x08008209   Thumb Code   128  strcmpv7m.o(.text)
    _btod_d2e                                0x08008289   Thumb Code    62  btod.o(CL$$btod_d2e)
    _d2e_denorm_low                          0x080082c7   Thumb Code    70  btod.o(CL$$btod_d2e_denorm_low)
    _d2e_norm_op1                            0x0800830d   Thumb Code    96  btod.o(CL$$btod_d2e_norm_op1)
    __btod_div_common                        0x0800836d   Thumb Code   696  btod.o(CL$$btod_div_common)
    _e2e                                     0x080086a5   Thumb Code   198  btod.o(CL$$btod_e2e)
    _btod_ediv                               0x0800876b   Thumb Code    40  btod.o(CL$$btod_ediv)
    _btod_emul                               0x08008793   Thumb Code    40  btod.o(CL$$btod_emul)
    __btod_mult_common                       0x080087bb   Thumb Code   580  btod.o(CL$$btod_mult_common)
    __ARM_fpclassify                         0x080089ff   Thumb Code    48  fpclassify.o(i.__ARM_fpclassify)
    __hardfp_asin                            0x08008a31   Thumb Code   770  asin.o(i.__hardfp_asin)
    __hardfp_atan                            0x08008d91   Thumb Code   622  atan.o(i.__hardfp_atan)
    __hardfp_atan2                           0x08009069   Thumb Code   432  atan2.o(i.__hardfp_atan2)
    __kernel_poly                            0x08009259   Thumb Code   248  poly.o(i.__kernel_poly)
    __mathlib_dbl_infnan                     0x08009351   Thumb Code    20  dunder.o(i.__mathlib_dbl_infnan)
    __mathlib_dbl_infnan2                    0x08009365   Thumb Code    20  dunder.o(i.__mathlib_dbl_infnan2)
    __mathlib_dbl_invalid                    0x08009379   Thumb Code    24  dunder.o(i.__mathlib_dbl_invalid)
    __mathlib_dbl_underflow                  0x08009399   Thumb Code    24  dunder.o(i.__mathlib_dbl_underflow)
    _is_digit                                0x080093b9   Thumb Code    14  __printf_wp.o(i._is_digit)
    atan                                     0x080093c7   Thumb Code    16  atan.o(i.atan)
    fabs                                     0x080093d7   Thumb Code    24  fabs.o(i.fabs)
    sqrt                                     0x080093ef   Thumb Code   110  sqrt.o(i.sqrt)
    _get_lc_numeric                          0x0800945d   Thumb Code    44  lc_numeric_c.o(locale$$code)
    __aeabi_dneg                             0x08009489   Thumb Code     0  basic.o(x$fpl$basic)
    _dneg                                    0x08009489   Thumb Code     6  basic.o(x$fpl$basic)
    __aeabi_fneg                             0x0800948f   Thumb Code     0  basic.o(x$fpl$basic)
    _fneg                                    0x0800948f   Thumb Code     6  basic.o(x$fpl$basic)
    _dabs                                    0x08009495   Thumb Code     6  basic.o(x$fpl$basic)
    _fabs                                    0x0800949b   Thumb Code     6  basic.o(x$fpl$basic)
    __aeabi_d2f                              0x080094a1   Thumb Code     0  d2f.o(x$fpl$d2f)
    _d2f                                     0x080094a1   Thumb Code    98  d2f.o(x$fpl$d2f)
    __aeabi_dadd                             0x08009505   Thumb Code     0  daddsub_clz.o(x$fpl$dadd)
    _dadd                                    0x08009505   Thumb Code   332  daddsub_clz.o(x$fpl$dadd)
    __aeabi_ddiv                             0x08009655   Thumb Code     0  ddiv.o(x$fpl$ddiv)
    _ddiv                                    0x08009655   Thumb Code   552  ddiv.o(x$fpl$ddiv)
    __aeabi_i2d                              0x08009905   Thumb Code     0  dflt_clz.o(x$fpl$dflt)
    _dflt                                    0x08009905   Thumb Code    46  dflt_clz.o(x$fpl$dflt)
    __aeabi_dmul                             0x08009935   Thumb Code     0  dmul.o(x$fpl$dmul)
    _dmul                                    0x08009935   Thumb Code   332  dmul.o(x$fpl$dmul)
    __fpl_dnaninf                            0x08009a89   Thumb Code   156  dnaninf.o(x$fpl$dnaninf)
    __fpl_dretinf                            0x08009b25   Thumb Code    12  dretinf.o(x$fpl$dretinf)
    __aeabi_drsub                            0x08009b31   Thumb Code     0  daddsub_clz.o(x$fpl$drsb)
    _drsb                                    0x08009b31   Thumb Code    22  daddsub_clz.o(x$fpl$drsb)
    _dsqrt                                   0x08009b49   Thumb Code   404  dsqrt_umaal.o(x$fpl$dsqrt)
    __aeabi_dsub                             0x08009ce1   Thumb Code     0  daddsub_clz.o(x$fpl$dsub)
    _dsub                                    0x08009ce1   Thumb Code   464  daddsub_clz.o(x$fpl$dsub)
    __aeabi_f2d                              0x08009eb5   Thumb Code     0  f2d.o(x$fpl$f2d)
    _f2d                                     0x08009eb5   Thumb Code    86  f2d.o(x$fpl$f2d)
    __fpl_fnaninf                            0x08009f0b   Thumb Code   140  fnaninf.o(x$fpl$fnaninf)
    _fp_init                                 0x08009f97   Thumb Code    10  fpinit.o(x$fpl$fpinit)
    __fplib_config_fpu_vfp                   0x08009f9f   Thumb Code     0  fpinit.o(x$fpl$fpinit)
    __fplib_config_pureend_doubles           0x08009f9f   Thumb Code     0  fpinit.o(x$fpl$fpinit)
    __fpl_fretinf                            0x08009fa1   Thumb Code    10  fretinf.o(x$fpl$fretinf)
    _printf_fp_dec                           0x08009fab   Thumb Code     4  printf1.o(x$fpl$printf1)
    __I$use$fp                               0x08009fae   Number         0  usenofp.o(x$fpl$usenofp)
    reg                                      0x08009fb0   Data          27  inv_mpu.o(.constdata)
    hw                                       0x08009fcc   Data          12  inv_mpu.o(.constdata)
    test                                     0x08009fd8   Data          40  inv_mpu.o(.constdata)
    __mathlib_zero                           0x0800ad18   Data           8  qnan.o(.constdata)
    Region$$Table$$Base                      0x0800aef8   Number         0  anon$$obj.o(Region$$Table)
    Region$$Table$$Limit                     0x0800af18   Number         0  anon$$obj.o(Region$$Table)
    Rc_Get                                   0x20000000   Data           6  main.o(.data)
    SystemCoreClock                          0x20000008   Data           4  system_stm32f4xx.o(.data)
    AHBPrescTable                            0x2000000c   Data          16  system_stm32f4xx.o(.data)
    moto1                                    0x2000001c   Data           2  control.o(.data)
    moto2                                    0x2000001e   Data           2  control.o(.data)
    moto3                                    0x20000020   Data           2  control.o(.data)
    moto4                                    0x20000022   Data           2  control.o(.data)
    pitch                                    0x20000024   Data           4  control.o(.data)
    roll                                     0x20000028   Data           4  control.o(.data)
    yaw                                      0x2000002c   Data           4  control.o(.data)
    __stdout                                 0x2000007c   Data           4  usart.o(.data)
    USART_RX_STA                             0x20000080   Data           2  usart.o(.data)
    sys_cmd_tab                              0x20000094   Data          28  usmart.o(.data)
    usmart_nametab                           0x200000b0   Data          56  usmart_config.o(.data)
    usmart_dev                               0x200000e8   Data         244  usmart_config.o(.data)
    MPU6050_GYRO_LAST                        0x200001dc   Data          28  main.o(.bss)
    PID_ROL                                  0x200001f8   Data          32  control.o(.bss)
    PID_PIT                                  0x20000218   Data          32  control.o(.bss)
    PID_YAW                                  0x20000238   Data          32  control.o(.bss)
    USART_RX_BUF                             0x20000268   Data         200  usart.o(.bss)
    __libspace_start                         0x20000330   Data          96  libspace.o(.bss)
    __temporary_stack_top$libspace           0x20000390   Data           0  libspace.o(.bss)



==============================================================================

Memory Map of the image

  Image Entry point : 0x08000189

  Load Region LR_IROM1 (Base: 0x08000000, Size: 0x0000b110, Max: 0x00080000, ABSOLUTE, COMPRESSED[0x0000afb8])

    Execution Region ER_IROM1 (Base: 0x08000000, Size: 0x0000af34, Max: 0x00080000, ABSOLUTE)

    Base Addr    Size         Type   Attr      Idx    E Section Name        Object

    0x08000000   0x00000188   Data   RO          573    RESET               startup_stm32f40_41xxx.o
    0x08000188   0x00000008   Code   RO          867  * !!!main             c_w.l(__main.o)
    0x08000190   0x00000034   Code   RO         1223    !!!scatter          c_w.l(__scatter.o)
    0x080001c4   0x0000005a   Code   RO         1221    !!dczerorl2         c_w.l(__dczerorl2.o)
    0x0800021e   0x00000002   PAD
    0x08000220   0x0000001c   Code   RO         1225    !!handler_zi        c_w.l(__scatter_zi.o)
    0x0800023c   0x00000000   Code   RO          860    .ARM.Collect$$_printf_percent$$00000000  c_w.l(_printf_percent.o)
    0x0800023c   0x00000006   Code   RO          859    .ARM.Collect$$_printf_percent$$00000003  c_w.l(_printf_f.o)
    0x08000242   0x00000006   Code   RO          857    .ARM.Collect$$_printf_percent$$00000009  c_w.l(_printf_d.o)
    0x08000248   0x00000006   Code   RO          858    .ARM.Collect$$_printf_percent$$0000000A  c_w.l(_printf_u.o)
    0x0800024e   0x00000006   Code   RO          856    .ARM.Collect$$_printf_percent$$0000000C  c_w.l(_printf_x.o)
    0x08000254   0x00000006   Code   RO          854    .ARM.Collect$$_printf_percent$$00000013  c_w.l(_printf_c.o)
    0x0800025a   0x00000006   Code   RO          855    .ARM.Collect$$_printf_percent$$00000014  c_w.l(_printf_s.o)
    0x08000260   0x00000004   Code   RO          934    .ARM.Collect$$_printf_percent$$00000017  c_w.l(_printf_percent_end.o)
    0x08000264   0x00000002   Code   RO         1092    .ARM.Collect$$libinit$$00000000  c_w.l(libinit.o)
    0x08000266   0x00000004   Code   RO         1093    .ARM.Collect$$libinit$$00000001  c_w.l(libinit2.o)
    0x0800026a   0x00000000   Code   RO         1096    .ARM.Collect$$libinit$$00000004  c_w.l(libinit2.o)
    0x0800026a   0x00000000   Code   RO         1099    .ARM.Collect$$libinit$$0000000A  c_w.l(libinit2.o)
    0x0800026a   0x00000000   Code   RO         1101    .ARM.Collect$$libinit$$0000000C  c_w.l(libinit2.o)
    0x0800026a   0x00000000   Code   RO         1103    .ARM.Collect$$libinit$$0000000E  c_w.l(libinit2.o)
    0x0800026a   0x00000006   Code   RO         1104    .ARM.Collect$$libinit$$0000000F  c_w.l(libinit2.o)
    0x08000270   0x00000000   Code   RO         1106    .ARM.Collect$$libinit$$00000011  c_w.l(libinit2.o)
    0x08000270   0x00000000   Code   RO         1108    .ARM.Collect$$libinit$$00000013  c_w.l(libinit2.o)
    0x08000270   0x00000000   Code   RO         1110    .ARM.Collect$$libinit$$00000015  c_w.l(libinit2.o)
    0x08000270   0x0000000a   Code   RO         1111    .ARM.Collect$$libinit$$00000016  c_w.l(libinit2.o)
    0x0800027a   0x00000000   Code   RO         1112    .ARM.Collect$$libinit$$00000017  c_w.l(libinit2.o)
    0x0800027a   0x00000000   Code   RO         1114    .ARM.Collect$$libinit$$00000019  c_w.l(libinit2.o)
    0x0800027a   0x00000000   Code   RO         1116    .ARM.Collect$$libinit$$0000001B  c_w.l(libinit2.o)
    0x0800027a   0x00000000   Code   RO         1118    .ARM.Collect$$libinit$$0000001D  c_w.l(libinit2.o)
    0x0800027a   0x00000000   Code   RO         1120    .ARM.Collect$$libinit$$0000001F  c_w.l(libinit2.o)
    0x0800027a   0x00000000   Code   RO         1122    .ARM.Collect$$libinit$$00000021  c_w.l(libinit2.o)
    0x0800027a   0x00000000   Code   RO         1124    .ARM.Collect$$libinit$$00000023  c_w.l(libinit2.o)
    0x0800027a   0x00000000   Code   RO         1126    .ARM.Collect$$libinit$$00000025  c_w.l(libinit2.o)
    0x0800027a   0x00000000   Code   RO         1130    .ARM.Collect$$libinit$$0000002C  c_w.l(libinit2.o)
    0x0800027a   0x00000000   Code   RO         1132    .ARM.Collect$$libinit$$0000002E  c_w.l(libinit2.o)
    0x0800027a   0x00000000   Code   RO         1134    .ARM.Collect$$libinit$$00000030  c_w.l(libinit2.o)
    0x0800027a   0x00000000   Code   RO         1136    .ARM.Collect$$libinit$$00000032  c_w.l(libinit2.o)
    0x0800027a   0x00000002   Code   RO         1137    .ARM.Collect$$libinit$$00000033  c_w.l(libinit2.o)
    0x0800027c   0x00000002   Code   RO         1181    .ARM.Collect$$libshutdown$$00000000  c_w.l(libshutdown.o)
    0x0800027e   0x00000000   Code   RO         1190    .ARM.Collect$$libshutdown$$00000002  c_w.l(libshutdown2.o)
    0x0800027e   0x00000000   Code   RO         1192    .ARM.Collect$$libshutdown$$00000004  c_w.l(libshutdown2.o)
    0x0800027e   0x00000000   Code   RO         1195    .ARM.Collect$$libshutdown$$00000007  c_w.l(libshutdown2.o)
    0x0800027e   0x00000000   Code   RO         1198    .ARM.Collect$$libshutdown$$0000000A  c_w.l(libshutdown2.o)
    0x0800027e   0x00000000   Code   RO         1200    .ARM.Collect$$libshutdown$$0000000C  c_w.l(libshutdown2.o)
    0x0800027e   0x00000000   Code   RO         1203    .ARM.Collect$$libshutdown$$0000000F  c_w.l(libshutdown2.o)
    0x0800027e   0x00000002   Code   RO         1204    .ARM.Collect$$libshutdown$$00000010  c_w.l(libshutdown2.o)
    0x08000280   0x00000000   Code   RO          921    .ARM.Collect$$rtentry$$00000000  c_w.l(__rtentry.o)
    0x08000280   0x00000000   Code   RO         1000    .ARM.Collect$$rtentry$$00000002  c_w.l(__rtentry2.o)
    0x08000280   0x00000006   Code   RO         1012    .ARM.Collect$$rtentry$$00000004  c_w.l(__rtentry4.o)
    0x08000286   0x00000000   Code   RO         1002    .ARM.Collect$$rtentry$$00000009  c_w.l(__rtentry2.o)
    0x08000286   0x00000004   Code   RO         1003    .ARM.Collect$$rtentry$$0000000A  c_w.l(__rtentry2.o)
    0x0800028a   0x00000000   Code   RO         1005    .ARM.Collect$$rtentry$$0000000C  c_w.l(__rtentry2.o)
    0x0800028a   0x00000008   Code   RO         1006    .ARM.Collect$$rtentry$$0000000D  c_w.l(__rtentry2.o)
    0x08000292   0x00000002   Code   RO         1140    .ARM.Collect$$rtexit$$00000000  c_w.l(rtexit.o)
    0x08000294   0x00000000   Code   RO         1151    .ARM.Collect$$rtexit$$00000002  c_w.l(rtexit2.o)
    0x08000294   0x00000004   Code   RO         1152    .ARM.Collect$$rtexit$$00000003  c_w.l(rtexit2.o)
    0x08000298   0x00000006   Code   RO         1153    .ARM.Collect$$rtexit$$00000004  c_w.l(rtexit2.o)
    0x0800029e   0x00000002   PAD
    0x080002a0   0x00000094   Code   RO            3    .text               main.o
    0x08000334   0x0000001a   Code   RO          180    .text               stm32f4xx_it.o
    0x0800034e   0x00000002   PAD
    0x08000350   0x00000210   Code   RO          229    .text               system_stm32f4xx.o
    0x08000560   0x00000194   Code   RO          255    .text               usartinterrupt.o
    0x080006f4   0x000006bc   Code   RO          282    .text               control.o
    0x08000db0   0x00000040   Code   RO          314    .text               led.o
    0x08000df0   0x00000258   Code   RO          372    .text               myiic.o
    0x08001048   0x0000038c   Code   RO          392    .text               mpu6050.o
    0x080013d4   0x000022c0   Code   RO          415    .text               inv_mpu.o
    0x08003694   0x00000dbc   Code   RO          453    .text               inv_mpu_dmp_motion_driver.o
    0x08004450   0x000001c4   Code   RO          482    .text               pwm_output.o
    0x08004614   0x00000104   Code   RO          502    .text               delay.o
    0x08004718   0x00000178   Code   RO          542    .text               usart.o
    0x08004890   0x00000040   Code   RO          574    .text               startup_stm32f40_41xxx.o
    0x080048d0   0x000000e0   Code   RO          580    .text               misc.o
    0x080049b0   0x00000294   Code   RO          623    .text               stm32f4xx_gpio.o
    0x08004c44   0x0000065c   Code   RO          643    .text               stm32f4xx_rcc.o
    0x080052a0   0x00000454   Code   RO          685    .text               stm32f4xx_usart.o
    0x080056f4   0x00000ca2   Code   RO          705    .text               stm32f4xx_tim.o
    0x08006396   0x00000002   PAD
    0x08006398   0x00000c34   Code   RO          725    .text               usmart.o
    0x08006fcc   0x00000528   Code   RO          777    .text               usmart_str.o
    0x080074f4   0x00000002   Code   RO          797    .text               c_w.l(use_no_semi_2.o)
    0x080074f6   0x00000048   Code   RO          799    .text               c_w.l(llsdiv.o)
    0x0800753e   0x00000002   PAD
    0x08007540   0x00000018   Code   RO          803    .text               c_w.l(noretval__2printf.o)
    0x08007558   0x0000004e   Code   RO          807    .text               c_w.l(_printf_pad.o)
    0x080075a6   0x00000052   Code   RO          809    .text               c_w.l(_printf_str.o)
    0x080075f8   0x00000078   Code   RO          811    .text               c_w.l(_printf_dec.o)
    0x08007670   0x00000058   Code   RO          816    .text               c_w.l(_printf_hex_int.o)
    0x080076c8   0x00000188   Code   RO          851    .text               c_w.l(__printf_flags_ss_wp.o)
    0x08007850   0x00000058   Code   RO          861    .text               c_w.l(memcmp.o)
    0x080078a8   0x00000010   Code   RO          863    .text               c_w.l(aeabi_memset.o)
    0x080078b8   0x00000006   Code   RO          865    .text               c_w.l(heapauxi.o)
    0x080078be   0x00000002   Code   RO          919    .text               c_w.l(use_no_semi.o)
    0x080078c0   0x000000ee   Code   RO          922    .text               c_w.l(lludivv7m.o)
    0x080079ae   0x00000016   Code   RO          924    .text               c_w.l(_rserrno.o)
    0x080079c4   0x000000b2   Code   RO          926    .text               c_w.l(_printf_intcommon.o)
    0x08007a76   0x0000041a   Code   RO          928    .text               c_w.l(_printf_fp_dec.o)
    0x08007e90   0x0000002c   Code   RO          930    .text               c_w.l(_printf_char.o)
    0x08007ebc   0x00000024   Code   RO          932    .text               c_w.l(_printf_char_file.o)
    0x08007ee0   0x00000044   Code   RO          935    .text               c_w.l(rt_memclr.o)
    0x08007f24   0x00000008   Code   RO         1021    .text               c_w.l(rt_locale_intlibspace.o)
    0x08007f2c   0x00000008   Code   RO         1026    .text               c_w.l(rt_errno_addr_intlibspace.o)
    0x08007f34   0x0000008a   Code   RO         1028    .text               c_w.l(lludiv10.o)
    0x08007fbe   0x00000002   PAD
    0x08007fc0   0x00000030   Code   RO         1030    .text               c_w.l(_printf_char_common.o)
    0x08007ff0   0x00000080   Code   RO         1032    .text               c_w.l(_printf_fp_infnan.o)
    0x08008070   0x000000dc   Code   RO         1034    .text               c_w.l(bigflt0.o)
    0x0800814c   0x00000008   Code   RO         1059    .text               c_w.l(ferror.o)
    0x08008154   0x0000004e   Code   RO         1066    .text               c_w.l(rt_memclr_w.o)
    0x080081a2   0x00000002   PAD
    0x080081a4   0x00000008   Code   RO         1074    .text               c_w.l(libspace.o)
    0x080081ac   0x0000004a   Code   RO         1077    .text               c_w.l(sys_stackheap_outer.o)
    0x080081f6   0x00000012   Code   RO         1083    .text               c_w.l(exit.o)
    0x08008208   0x00000080   Code   RO         1085    .text               c_w.l(strcmpv7m.o)
    0x08008288   0x0000003e   Code   RO         1037    CL$$btod_d2e        c_w.l(btod.o)
    0x080082c6   0x00000046   Code   RO         1039    CL$$btod_d2e_denorm_low  c_w.l(btod.o)
    0x0800830c   0x00000060   Code   RO         1038    CL$$btod_d2e_norm_op1  c_w.l(btod.o)
    0x0800836c   0x00000338   Code   RO         1047    CL$$btod_div_common  c_w.l(btod.o)
    0x080086a4   0x000000c6   Code   RO         1044    CL$$btod_e2e        c_w.l(btod.o)
    0x0800876a   0x00000028   Code   RO         1041    CL$$btod_ediv       c_w.l(btod.o)
    0x08008792   0x00000028   Code   RO         1040    CL$$btod_emul       c_w.l(btod.o)
    0x080087ba   0x00000244   Code   RO         1046    CL$$btod_mult_common  c_w.l(btod.o)
    0x080089fe   0x00000030   Code   RO          982    i.__ARM_fpclassify  m_wm.l(fpclassify.o)
    0x08008a2e   0x00000002   PAD
    0x08008a30   0x00000360   Code   RO          893    i.__hardfp_asin     m_wm.l(asin.o)
    0x08008d90   0x000002d8   Code   RO          948    i.__hardfp_atan     m_wm.l(atan.o)
    0x08009068   0x000001f0   Code   RO          907    i.__hardfp_atan2    m_wm.l(atan2.o)
    0x08009258   0x000000f8   Code   RO          984    i.__kernel_poly     m_wm.l(poly.o)
    0x08009350   0x00000014   Code   RO          963    i.__mathlib_dbl_infnan  m_wm.l(dunder.o)
    0x08009364   0x00000014   Code   RO          964    i.__mathlib_dbl_infnan2  m_wm.l(dunder.o)
    0x08009378   0x00000020   Code   RO          965    i.__mathlib_dbl_invalid  m_wm.l(dunder.o)
    0x08009398   0x00000020   Code   RO          968    i.__mathlib_dbl_underflow  m_wm.l(dunder.o)
    0x080093b8   0x0000000e   Code   RO          844    i._is_digit         c_w.l(__printf_wp.o)
    0x080093c6   0x00000010   Code   RO          950    i.atan              m_wm.l(atan.o)
    0x080093d6   0x00000018   Code   RO          978    i.fabs              m_wm.l(fabs.o)
    0x080093ee   0x0000006e   Code   RO          989    i.sqrt              m_wm.l(sqrt.o)
    0x0800945c   0x0000002c   Code   RO         1064    locale$$code        c_w.l(lc_numeric_c.o)
    0x08009488   0x00000018   Code   RO          937    x$fpl$basic         fz_wm.l(basic.o)
    0x080094a0   0x00000062   Code   RO          869    x$fpl$d2f           fz_wm.l(d2f.o)
    0x08009502   0x00000002   PAD
    0x08009504   0x00000150   Code   RO          871    x$fpl$dadd          fz_wm.l(daddsub_clz.o)
    0x08009654   0x000002b0   Code   RO          878    x$fpl$ddiv          fz_wm.l(ddiv.o)
    0x08009904   0x0000002e   Code   RO          882    x$fpl$dflt          fz_wm.l(dflt_clz.o)
    0x08009932   0x00000002   PAD
    0x08009934   0x00000154   Code   RO          887    x$fpl$dmul          fz_wm.l(dmul.o)
    0x08009a88   0x0000009c   Code   RO          939    x$fpl$dnaninf       fz_wm.l(dnaninf.o)
    0x08009b24   0x0000000c   Code   RO          941    x$fpl$dretinf       fz_wm.l(dretinf.o)
    0x08009b30   0x00000016   Code   RO          872    x$fpl$drsb          fz_wm.l(daddsub_clz.o)
    0x08009b46   0x00000002   PAD
    0x08009b48   0x00000198   Code   RO         1070    x$fpl$dsqrt         fz_wm.l(dsqrt_umaal.o)
    0x08009ce0   0x000001d4   Code   RO          873    x$fpl$dsub          fz_wm.l(daddsub_clz.o)
    0x08009eb4   0x00000056   Code   RO          889    x$fpl$f2d           fz_wm.l(f2d.o)
    0x08009f0a   0x0000008c   Code   RO          943    x$fpl$fnaninf       fz_wm.l(fnaninf.o)
    0x08009f96   0x0000000a   Code   RO         1148    x$fpl$fpinit        fz_wm.l(fpinit.o)
    0x08009fa0   0x0000000a   Code   RO          945    x$fpl$fretinf       fz_wm.l(fretinf.o)
    0x08009faa   0x00000004   Code   RO          891    x$fpl$printf1       fz_wm.l(printf1.o)
    0x08009fae   0x00000000   Code   RO          947    x$fpl$usenofp       fz_wm.l(usenofp.o)
    0x08009fae   0x00000002   PAD
    0x08009fb0   0x00000050   Data   RO          416    .constdata          inv_mpu.o
    0x0800a000   0x00000bf6   Data   RO          455    .constdata          inv_mpu_dmp_motion_driver.o
    0x0800abf6   0x00000028   Data   RO          817    .constdata          c_w.l(_printf_hex_int.o)
    0x0800ac1e   0x00000011   Data   RO          852    .constdata          c_w.l(__printf_flags_ss_wp.o)
    0x0800ac2f   0x00000001   PAD
    0x0800ac30   0x00000050   Data   RO          896    .constdata          m_wm.l(asin.o)
    0x0800ac80   0x00000098   Data   RO          951    .constdata          m_wm.l(atan.o)
    0x0800ad18   0x00000008   Data   RO          986    .constdata          m_wm.l(qnan.o)
    0x0800ad20   0x00000094   Data   RO         1035    .constdata          c_w.l(bigflt0.o)
    0x0800adb4   0x0000004d   Data   RO          417    .conststring        inv_mpu.o
    0x0800ae01   0x00000003   PAD
    0x0800ae04   0x00000028   Data   RO          726    .conststring        usmart.o
    0x0800ae2c   0x000000cb   Data   RO          756    .conststring        usmart_config.o
    0x0800aef7   0x00000001   PAD
    0x0800aef8   0x00000020   Data   RO         1219    Region$$Table       anon$$obj.o
    0x0800af18   0x0000001c   Data   RO         1063    locale$$data        c_w.l(lc_numeric_c.o)


    Execution Region RW_IRAM1 (Base: 0x20000000, Size: 0x00000990, Max: 0x00020000, ABSOLUTE, COMPRESSED[0x00000084])

    Base Addr    Size         Type   Attr      Idx    E Section Name        Object

    0x20000000   0x00000006   Data   RW            5    .data               main.o
    0x20000006   0x00000002   PAD
    0x20000008   0x00000014   Data   RW          230    .data               system_stm32f4xx.o
    0x2000001c   0x00000023   Data   RW          284    .data               control.o
    0x2000003f   0x00000001   PAD
    0x20000040   0x00000035   Data   RW          418    .data               inv_mpu.o
    0x20000075   0x00000001   PAD
    0x20000076   0x00000004   Data   RW          503    .data               delay.o
    0x2000007a   0x00000002   PAD
    0x2000007c   0x00000006   Data   RW          544    .data               usart.o
    0x20000082   0x00000010   Data   RW          644    .data               stm32f4xx_rcc.o
    0x20000092   0x00000002   PAD
    0x20000094   0x0000001c   Data   RW          727    .data               usmart.o
    0x200000b0   0x0000012c   Data   RW          757    .data               usmart_config.o
    0x200001dc   0x0000001c   Zero   RW            4    .bss                main.o
    0x200001f8   0x00000060   Zero   RW          283    .bss                control.o
    0x20000258   0x00000010   Zero   RW          454    .bss                inv_mpu_dmp_motion_driver.o
    0x20000268   0x000000c8   Zero   RW          543    .bss                usart.o
    0x20000330   0x00000060   Zero   RW         1075    .bss                c_w.l(libspace.o)
    0x20000390   0x00000200   Zero   RW          572    HEAP                startup_stm32f40_41xxx.o
    0x20000590   0x00000400   Zero   RW          571    STACK               startup_stm32f40_41xxx.o


==============================================================================

Image component sizes


      Code (inc. data)   RO Data    RW Data    ZI Data      Debug   Object Name

      1724        258          0         35         96       3882   control.o
       260          8          0          4          0       1501   delay.o
      8896        222        157         53          0      24629   inv_mpu.o
      3516        176       3062          0         16      15607   inv_mpu_dmp_motion_driver.o
        64          4          0          0          0        535   led.o
       148         38          0          6         28     283387   main.o
       224         20          0          0          0       1841   misc.o
       908         22          0          0          0       4507   mpu6050.o
       600         12          0          0          0       1932   myiic.o
       452         12          0          0          0       1440   pwm_output.o
        64         26        392          0       1536        848   startup_stm32f40_41xxx.o
       660         44          0          0          0       4181   stm32f4xx_gpio.o
        26          0          0          0          0       1234   stm32f4xx_it.o
      1628         52          0         16          0      13068   stm32f4xx_rcc.o
      3234         60          0          0          0      23036   stm32f4xx_tim.o
      1108         34          0          0          0       7904   stm32f4xx_usart.o
       528         46          0         20          0       1811   system_stm32f4xx.o
       376         16          0          6        200       3597   usart.o
       404        122          0          0          0        740   usartinterrupt.o
      3124       1286         40         28          0       4458   usmart.o
         0          0        203        300          0       1536   usmart_config.o
      1320         12          0          0          0       5361   usmart_str.o

    ----------------------------------------------------------------------
     29268       2470       3890        476       1876     407035   Object Totals
         0          0         32          0          0          0   (incl. Generated)
         4          0          4          8          0          0   (incl. Padding)

    ----------------------------------------------------------------------

      Code (inc. data)   RO Data    RW Data    ZI Data      Debug   Library Member Name

        90          0          0          0          0          0   __dczerorl2.o
         8          0          0          0          0         68   __main.o
       392          4         17          0          0         92   __printf_flags_ss_wp.o
        14          0          0          0          0         68   __printf_wp.o
         0          0          0          0          0          0   __rtentry.o
        12          0          0          0          0          0   __rtentry2.o
         6          0          0          0          0          0   __rtentry4.o
        52          8          0          0          0          0   __scatter.o
        28          0          0          0          0          0   __scatter_zi.o
         6          0          0          0          0          0   _printf_c.o
        44          0          0          0          0        108   _printf_char.o
        48          6          0          0          0         96   _printf_char_common.o
        36          4          0          0          0         80   _printf_char_file.o
         6          0          0          0          0          0   _printf_d.o
       120         16          0          0          0         92   _printf_dec.o
         6          0          0          0          0          0   _printf_f.o
      1050          0          0          0          0        216   _printf_fp_dec.o
       128         16          0          0          0         84   _printf_fp_infnan.o
        88          4         40          0          0         88   _printf_hex_int.o
       178          0          0          0          0         88   _printf_intcommon.o
        78          0          0          0          0        108   _printf_pad.o
         0          0          0          0          0          0   _printf_percent.o
         4          0          0          0          0          0   _printf_percent_end.o
         6          0          0          0          0          0   _printf_s.o
        82          0          0          0          0         80   _printf_str.o
         6          0          0          0          0          0   _printf_u.o
         6          0          0          0          0          0   _printf_x.o
        22          0          0          0          0        100   _rserrno.o
        16          0          0          0          0         68   aeabi_memset.o
       220          4        148          0          0         96   bigflt0.o
      1910        128          0          0          0        672   btod.o
        18          0          0          0          0         80   exit.o
         8          0          0          0          0         68   ferror.o
         6          0          0          0          0        152   heapauxi.o
        44         10         28          0          0         76   lc_numeric_c.o
         2          0          0          0          0          0   libinit.o
        22          0          0          0          0          0   libinit2.o
         2          0          0          0          0          0   libshutdown.o
         2          0          0          0          0          0   libshutdown2.o
         8          4          0          0         96         68   libspace.o
        72          0          0          0          0         76   llsdiv.o
       138          0          0          0          0         80   lludiv10.o
       238          0          0          0          0        100   lludivv7m.o
        88          0          0          0          0         76   memcmp.o
        24          4          0          0          0         84   noretval__2printf.o
         8          4          0          0          0         68   rt_errno_addr_intlibspace.o
         8          4          0          0          0         68   rt_locale_intlibspace.o
        68          0          0          0          0         68   rt_memclr.o
        78          0          0          0          0         80   rt_memclr_w.o
         2          0          0          0          0          0   rtexit.o
        10          0          0          0          0          0   rtexit2.o
       128          0          0          0          0         68   strcmpv7m.o
        74          0          0          0          0         80   sys_stackheap_outer.o
         2          0          0          0          0         68   use_no_semi.o
         2          0          0          0          0         68   use_no_semi_2.o
        24          0          0          0          0        164   basic.o
        98          4          0          0          0        140   d2f.o
       826         16          0          0          0        492   daddsub_clz.o
       688        140          0          0          0        256   ddiv.o
        46          0          0          0          0        116   dflt_clz.o
       340         12          0          0          0        152   dmul.o
       156          4          0          0          0        140   dnaninf.o
        12          0          0          0          0        116   dretinf.o
       408         56          0          0          0        168   dsqrt_umaal.o
        86          4          0          0          0        132   f2d.o
       140          4          0          0          0        132   fnaninf.o
        10          0          0          0          0        116   fpinit.o
        10          0          0          0          0        116   fretinf.o
         4          0          0          0          0        116   printf1.o
         0          0          0          0          0          0   usenofp.o
       864         94         80          0          0        280   asin.o
       744        106        152          0          0        352   atan.o
       496         64          0          0          0        192   atan2.o
       104         16          0          0          0        496   dunder.o
        24          0          0          0          0        124   fabs.o
        48          0          0          0          0        124   fpclassify.o
       248          0          0          0          0        152   poly.o
         0          0          8          0          0          0   qnan.o
       110          0          0          0          0        148   sqrt.o

    ----------------------------------------------------------------------
     11220        736        474          0         96       7856   Library Totals
        20          0          1          0          0          0   (incl. Padding)

    ----------------------------------------------------------------------

      Code (inc. data)   RO Data    RW Data    ZI Data      Debug   Library Name

      5714        216        233          0         96       3632   c_w.l
      2848        240          0          0          0       2356   fz_wm.l
      2638        280        240          0          0       1868   m_wm.l

    ----------------------------------------------------------------------
     11220        736        474          0         96       7856   Library Totals

    ----------------------------------------------------------------------

==============================================================================


      Code (inc. data)   RO Data    RW Data    ZI Data      Debug   

     40488       3206       4364        476       1972     406063   Grand Totals
     40488       3206       4364        132       1972     406063   ELF Image Totals (compressed)
     40488       3206       4364        132          0          0   ROM Totals

==============================================================================

    Total RO  Size (Code + RO Data)                44852 (  43.80kB)
    Total RW  Size (RW Data + ZI Data)              2448 (   2.39kB)
    Total ROM Size (Code + RO Data + RW Data)      44984 (  43.93kB)

==============================================================================

